ASxxxx Linker V03.00 + NoICE + sdld,  page 1.
Hexadecimal  [32-Bits]

Area                                    Addr        Size        Decimal Bytes (Attributes)
--------------------------------        ----        ----        ------- ----- ------------
.  .ABS.                            00000000    00000000 =           0. bytes (ABS,CON)

      Value  Global                              Global Defined In Module
      -----  --------------------------------   ------------------------
     00000000  .__.ABS.                           cpct_video
     00000000  l__CABS                         
     00000000  l__DABS                         
     00000000  l__DATA                         
     00000000  l__GSFINAL                      
     00000000  l__GSINIT                       
     00000000  l__HOME                         
     00000000  l__INITIALIZED                  
     00000000  l__INITIALIZER                  
     00000000  s__CABS                         
     00000000  s__DABS                         
     00000100  s__CODE                         
     000004DB  l__CODE                         
     000005DB  s__DATA                         
     000005DB  s__GSFINAL                      
     000005DB  s__GSINIT                       
     000005DB  s__HOME                         
     000005DB  s__INITIALIZED                  
     000005DB  s__INITIALIZER                  

ASxxxx Linker V03.00 + NoICE + sdld,  page 2.
Hexadecimal  [32-Bits]

Area                                    Addr        Size        Decimal Bytes (Attributes)
--------------------------------        ----        ----        ------- ----- ------------
_CODE                               00000100    000004DB =        1243. bytes (REL,CON)

      Value  Global                              Global Defined In Module
      -----  --------------------------------   ------------------------
     00000100  _G_palette                         ctlogo
     00000104  _G_ctlogo                          ctlogo
     000003EC  _main                              main
     0000046A  _cpct_setPalette                   cpct_video
     00000481  _cpct_isKeyPressed                 cpct_keyboard
     00000481  cpct_isKeyPressed_asm              cpct_keyboard
     0000048D  _cpct_scanKeyboard_f               cpct_keyboard
     0000048D  cpct_scanKeyboard_f_asm            cpct_keyboard
     000004F7  _cpct_drawSprite                   cpct_sprites
     0000059C  _cpct_keyboardStatusBuffer         cpct_keyboard
     000005A6  _cpct_setVideoMode                 cpct_video
     000005B4  _cpct_disableFirmware              cpct_firmware
     000005B4  _cpct_removeInterruptHandler       cpct_firmware
     000005B4  cpct_disableFirmware_asm           cpct_firmware
     000005B4  cpct_removeInterruptHandler_asm    cpct_firmware
     000005C4  _cpct_mode_rom_status              cpct_firmware
     000005C5  _cpct_getScreenPtr                 cpct_video

ASxxxx Linker V03.00 + NoICE + sdld,  page 3.

Files Linked                              [ module(s) ]

obj/ctlogo.rel                            [ ctlogo ]
obj/main.rel                              [ main ]


Libraries Linked                          [ object file ]

/home/oscar/cpctelera/cpctelera/cpctelera.lib
                                          [ cpct_setPalette_cbindings.rel ]
/home/oscar/cpctelera/cpctelera/cpctelera.lib
                                          [ cpct_isKeyPressed.rel ]
/home/oscar/cpctelera/cpctelera/cpctelera.lib
                                          [ cpct_scanKeyboard_f.rel ]
/home/oscar/cpctelera/cpctelera/cpctelera.lib
                                          [ cpct_drawSprite_cbindings.rel ]
/home/oscar/cpctelera/cpctelera/cpctelera.lib
                                          [ keyboard.rel ]
/home/oscar/cpctelera/cpctelera/cpctelera.lib
                                          [ cpct_setVideoMode_cbindings.rel ]
/home/oscar/cpctelera/cpctelera/cpctelera.lib
                                          [ cpct_removeInterruptHandler.rel ]
/home/oscar/cpctelera/cpctelera/cpctelera.lib
                                          [ cpc_mode_rom_status.rel ]
/home/oscar/cpctelera/cpctelera/cpctelera.lib
                                          [ cpct_getScreenPtr_cbindings.rel ]

ASxxxx Linker V03.00 + NoICE + sdld,  page 4.

User Base Address Definitions

_CODE = 0x0100
_DATA = 0x0000

