ASxxxx Linker V03.00 + NoICE + sdld,  page 1.
Hexadecimal  [32-Bits]

Area                                    Addr        Size        Decimal Bytes (Attributes)
--------------------------------        ----        ----        ------- ----- ------------
.  .ABS.                            00000000    00000000 =           0. bytes (ABS,CON)

      Value  Global                              Global Defined In Module
      -----  --------------------------------   ------------------------
     00000000  .__.ABS.                           
     00000000  l__CABS                         
     00000000  l__DABS                         
     00000000  l__GSFINAL                      
     00000000  l__GSINIT                       
     00000000  l__HOME                         
     00000000  l__INITIALIZED                  
     00000000  l__INITIALIZER                  
     00000000  s__CABS                         
     00000000  s__DABS                         
     00000004  l__DATA                         
     00000773  l__CODE                         
     00004000  s__CODE                         
     00004773  s__DATA                         
     00004777  s__GSFINAL                      
     00004777  s__GSINIT                       
     00004777  s__HOME                         
     00004777  s__INITIALIZED                  
     00004777  s__INITIALIZER                  

ASxxxx Linker V03.00 + NoICE + sdld,  page 2.
Hexadecimal  [32-Bits]

Area                                    Addr        Size        Decimal Bytes (Attributes)
--------------------------------        ----        ----        ------- ----- ------------
_CODE                               00004000    00000773 =        1907. bytes (REL,CON)

      Value  Global                              Global Defined In Module
      -----  --------------------------------   ------------------------
     00004000  _cursor_setLocation                cursor
     00004011  _cursor_sprite                     cursor
     00004019  _cursor_draw                       cursor
     0000404A  _cursor_move                       cursor
     00004097  _cursor_getX                       cursor
     0000409F  _cursor_getY                       cursor
     000040A7  _drawMessages                      main
     00004169  _initialize                        main
     0000419F  _checkUserInputAndPerformActions   main
     00004244  _main                              main
     0000424F  _map_setBaseMem                    map
     00004260  _map                               map
     0000435A  _map_getBaseMem                    map
     0000435E  _map_setTile                       map
     0000438B  _map_getTile                       map
     000043B2  _map_drawTile                      map
     0000440C  _map_draw                          map
     00004467  _map_changeTile                    map
     0000449F  _map_clear                         map
     000044C1  _cpct_isKeyPressed                 cpct_keyboard
     000044C1  cpct_isKeyPressed_asm              cpct_keyboard
     000044CD  _cpct_setPALColour                 cpct_video
     000044D9  _cpct_getBit                       cpct_bitarray
     000044FB  _cpct_drawStringM1                 cpct_strings
     0000452B  cpct_drawCharM1_inner_asm          cpct_strings
     0000456B  cpct_char2pxM1                     cpct_strings
     0000457B  _cpct_setBit                       cpct_bitarray
     0000459F  _cpct_keyboardStatusBuffer         cpct_keyboard
     000045A9  _cpct_drawSpriteMasked             cpct_sprites
     000045D8  _cpct_isAnyKeyPressed              cpct_keyboard
     000045D8  cpct_isAnyKeyPressed_asm           cpct_keyboard
     000045E5  _cpct_waitVSYNC                    cpct_video
     000045E5  cpct_waitVSYNC_asm                 cpct_video
     000045ED  _cpct_setVideoMode                 cpct_video
     000045FB  _cpct_px2byteM1                    cpct_sprites
     000045FB  cpct_px2byteM1_asm                 cpct_sprites
     0000461C  _cpct_disableFirmware              cpct_firmware
     0000461C  _cpct_removeInterruptHandler       cpct_firmware
     0000461C  cpct_disableFirmware_asm           cpct_firmware
     0000461C  cpct_removeInterruptHandler_asm    cpct_firmware
     0000462C  _cpct_drawSolidBox                 cpct_sprites
     000046D3  _cpct_mode_rom_status              cpct_firmware
     000046D4  _cpct_setDrawCharM1                cpct_strings
     00004728  _cpct_scanKeyboard                 cpct_keyboard
     00004728  cpct_scanKeyboard_asm              cpct_keyboard
     00004759  _cpct_getScreenPtr                 cpct_video
     0000476F  dc_mode1_ct                        

ASxxxx Linker V03.00 + NoICE + sdld,  page 3.
Hexadecimal  [32-Bits]

Area                                    Addr        Size        Decimal Bytes (Attributes)
--------------------------------        ----        ----        ------- ----- ------------
_DATA                               00004773    00000004 =           4. bytes (REL,CON)

      Value  Global                              Global Defined In Module
      -----  --------------------------------   ------------------------
     00004773  _cursor_x                          cursor
     00004774  _cursor_y                          cursor
     00004775  _map_base_location                 map
ASxxxx Linker V03.00 + NoICE + sdld,  page 4.

Files Linked                              [ module(s) ]

obj/cursor.rel                            [ cursor ]
obj/main.rel                              [ main ]
obj/map.rel                               [ map ]


Libraries Linked                          [ object file ]

/home/oscar/cpctelera/cpctelera/cpctelera.lib
                                          [ cpct_isKeyPressed.rel ]
/home/oscar/cpctelera/cpctelera/cpctelera.lib
                                          [ cpct_setPALColour_cbindings.rel ]
/home/oscar/cpctelera/cpctelera/cpctelera.lib
                                          [ cpct_getBit_cbindings.rel ]
/home/oscar/cpctelera/cpctelera/cpctelera.lib
                                          [ cpct_drawStringM1_cbindings.rel ]
/home/oscar/cpctelera/cpctelera/cpctelera.lib
                                          [ cpct_drawCharM1_inner.rel ]
/home/oscar/cpctelera/cpctelera/cpctelera.lib
                                          [ cpct_setBit_cbindings.rel ]
/home/oscar/cpctelera/cpctelera/cpctelera.lib
                                          [ keyboard.rel ]
/home/oscar/cpctelera/cpctelera/cpctelera.lib
                                          [ cpct_drawSpriteMasked_cbindings. ]
/home/oscar/cpctelera/cpctelera/cpctelera.lib
                                          [ cpct_isAnyKeyPressed.rel ]
/home/oscar/cpctelera/cpctelera/cpctelera.lib
                                          [ cpct_waitVSYNC.rel ]
/home/oscar/cpctelera/cpctelera/cpctelera.lib
                                          [ cpct_setVideoMode_cbindings.rel ]
/home/oscar/cpctelera/cpctelera/cpctelera.lib
                                          [ cpct_px2byteM1.rel ]
/home/oscar/cpctelera/cpctelera/cpctelera.lib
                                          [ cpct_removeInterruptHandler.rel ]
/home/oscar/cpctelera/cpctelera/cpctelera.lib
                                          [ cpct_drawSolidBox_cbindings.rel ]
/home/oscar/cpctelera/cpctelera/cpctelera.lib
                                          [ cpc_mode_rom_status.rel ]
/home/oscar/cpctelera/cpctelera/cpctelera.lib
                                          [ cpct_setDrawCharM1_cbindings.rel ]
/home/oscar/cpctelera/cpctelera/cpctelera.lib
                                          [ cpct_scanKeyboard.rel ]
/home/oscar/cpctelera/cpctelera/cpctelera.lib
                                          [ cpct_getScreenPtr_cbindings.rel ]
/home/oscar/cpctelera/cpctelera/cpctelera.lib
                                          [ cpct_dc_mode1_ct.rel ]

ASxxxx Linker V03.00 + NoICE + sdld,  page 5.

User Base Address Definitions

_CODE = 0x4000
_DATA = 0x0000

