ASxxxx Linker V03.00 + NoICE + sdld,  page 1.
Hexadecimal  [32-Bits]

Area                                    Addr        Size        Decimal Bytes (Attributes)
--------------------------------        ----        ----        ------- ----- ------------
.  .ABS.                            00000000    00000000 =           0. bytes (ABS,CON)

      Value  Global                              Global Defined In Module
      -----  --------------------------------   ------------------------
     00000000  .__.ABS.                           cpct_strings
     00000000  l__CABS                         
     00000000  l__DABS                         
     00000000  l__DATA                         
     00000000  l__GSFINAL                      
     00000000  l__GSINIT                       
     00000000  l__HOME                         
     00000000  l__INITIALIZED                  
     00000000  l__INITIALIZER                  
     00000000  s__CABS                         
     00000000  s__DABS                         
     000004DB  l__CODE                         
     00004000  s__CODE                         
     000044DB  s__DATA                         
     000044DB  s__GSFINAL                      
     000044DB  s__GSINIT                       
     000044DB  s__HOME                         
     000044DB  s__INITIALIZED                  
     000044DB  s__INITIALIZER                  

ASxxxx Linker V03.00 + NoICE + sdld,  page 2.
Hexadecimal  [32-Bits]

Area                                    Addr        Size        Decimal Bytes (Attributes)
--------------------------------        ----        ----        ------- ----- ------------
_CODE                               00004000    000004DB =        1243. bytes (REL,CON)

      Value  Global                              Global Defined In Module
      -----  --------------------------------   ------------------------
     00004000  _printArray                        main
     000040E2  _main                              main
     00004373  _cpct_getBit                       cpct_bitarray
     00004395  _cpct_drawCharM2                   cpct_strings
     000043B0  _cpct_setBit                       cpct_bitarray
     000043D4  _cpct_get2Bits                     cpct_bitarray
     000043FA  _cpct_get4Bits                     cpct_bitarray
     00004413  _cpct_setVideoMode                 cpct_video
     00004421  _cpct_memset                       cpct_memutils
     0000442F  _cpct_set2Bits                     cpct_bitarray
     00004468  _cpct_disableFirmware              cpct_firmware
     00004468  _cpct_removeInterruptHandler       cpct_firmware
     00004468  cpct_disableFirmware_asm           cpct_firmware
     00004468  cpct_removeInterruptHandler_asm    cpct_firmware
     00004478  _cpct_set4Bits                     cpct_bitarray
     00004494  _cpct_mode_rom_status              cpct_firmware
     00004495  _cpct_setDrawCharM2                cpct_strings
     000044B5  cpct_drawCharM2_inner_asm          cpct_strings
     000044C4  cpct_charm2imc                     cpct_strings

ASxxxx Linker V03.00 + NoICE + sdld,  page 3.

Files Linked                              [ module(s) ]

obj/main.rel                              [ main ]


Libraries Linked                          [ object file ]

/home/oscar/cpctelera/cpctelera/cpctelera.lib
                                          [ cpct_getBit_cbindings.rel ]
/home/oscar/cpctelera/cpctelera/cpctelera.lib
                                          [ cpct_drawCharM2_cbindings.rel ]
/home/oscar/cpctelera/cpctelera/cpctelera.lib
                                          [ cpct_setBit_cbindings.rel ]
/home/oscar/cpctelera/cpctelera/cpctelera.lib
                                          [ cpct_get2Bits_cbindings.rel ]
/home/oscar/cpctelera/cpctelera/cpctelera.lib
                                          [ cpct_get4Bits_cbindings.rel ]
/home/oscar/cpctelera/cpctelera/cpctelera.lib
                                          [ cpct_setVideoMode_cbindings.rel ]
/home/oscar/cpctelera/cpctelera/cpctelera.lib
                                          [ cpct_memset_cbinding.rel ]
/home/oscar/cpctelera/cpctelera/cpctelera.lib
                                          [ cpct_set2Bits_cbindings.rel ]
/home/oscar/cpctelera/cpctelera/cpctelera.lib
                                          [ cpct_removeInterruptHandler.rel ]
/home/oscar/cpctelera/cpctelera/cpctelera.lib
                                          [ cpct_set4Bits_cbindings.rel ]
/home/oscar/cpctelera/cpctelera/cpctelera.lib
                                          [ cpc_mode_rom_status.rel ]
/home/oscar/cpctelera/cpctelera/cpctelera.lib
                                          [ cpct_setDrawCharM2_cbindings.rel ]
/home/oscar/cpctelera/cpctelera/cpctelera.lib
                                          [ cpct_drawCharM2_inner.rel ]

ASxxxx Linker V03.00 + NoICE + sdld,  page 4.

User Base Address Definitions

_CODE = 0x4000
_DATA = 0x0000

