ASxxxx Linker V03.00 + NoICE + sdld,  page 1.
Hexadecimal  [32-Bits]

Area                                    Addr        Size        Decimal Bytes (Attributes)
--------------------------------        ----        ----        ------- ----- ------------
.  .ABS.                            00000000    00000000 =           0. bytes (ABS,CON)

      Value  Global                              Global Defined In Module
      -----  --------------------------------   ------------------------
     00000000  .__.ABS.                           02_print
     00000000  _cpct_disableFirmware           
     00000000  _cpct_drawStringM1              
     00000000  _cpct_setDrawCharM1             
     00000000  _cpct_setPALColour              
     00000000  _cpct_setVideoMode              
     00000000  l__CABS                         
     00000000  l__DABS                         
     00000000  l__DATA                         
     00000000  l__GSFINAL                      
     00000000  l__GSINIT                       
     00000000  l__HOME                         
     00000000  l__INITIALIZED                  
     00000000  l__INITIALIZER                  
     00000000  s__CABS                         
     00000000  s__DABS                         
     00000076  l__CODE                         
     00004000  s__CODE                         
     00008000  s__DATA                         
     00008000  s__GSFINAL                      
     00008000  s__GSINIT                       
     00008000  s__HOME                         
     00008000  s__INITIALIZED                  
     00008000  s__INITIALIZER                  
ASxxxx Linker V03.00 + NoICE + sdld,  page 2.
Hexadecimal  [32-Bits]

Area                                    Addr        Size        Decimal Bytes (Attributes)
--------------------------------        ----        ----        ------- ----- ------------
_CODE                               00004000    00000076 =         118. bytes (REL,CON)

      Value  Global                              Global Defined In Module
      -----  --------------------------------   ------------------------
     00004000  _main                              02_print

ASxxxx Linker V03.00 + NoICE + sdld,  page 3.

Files Linked                              [ module(s) ]

obj/02_print.rel                          [ 02_print ]

ASxxxx Linker V03.00 + NoICE + sdld,  page 4.

User Base Address Definitions

_CODE = 0x4000
_DATA = 0x8000


?ASlink-Warning-Undefined Global '_cpct_setPALColour' referenced by module '02_print'

?ASlink-Warning-Undefined Global '_cpct_drawStringM1' referenced by module '02_print'

?ASlink-Warning-Undefined Global '_cpct_setVideoMode' referenced by module '02_print'

?ASlink-Warning-Undefined Global '_cpct_disableFirmware' referenced by module '02_print'

?ASlink-Warning-Undefined Global '_cpct_setDrawCharM1' referenced by module '02_print'
