ASxxxx Linker V03.00 + NoICE + sdld,  page 1.
Hexadecimal  [32-Bits]

Area                                    Addr        Size        Decimal Bytes (Attributes)
--------------------------------        ----        ----        ------- ----- ------------
.  .ABS.                            00000000    00000000 =           0. bytes (ABS,CON)

      Value  Global                              Global Defined In Module
      -----  --------------------------------   ------------------------
     00000000  .__.ABS.                           cpct_strings
     00000000  l__CABS                         
     00000000  l__DABS                         
     00000000  l__DATA                         
     00000000  l__GSFINAL                      
     00000000  l__GSINIT                       
     00000000  l__HOME                         
     00000000  l__INITIALIZED                  
     00000000  l__INITIALIZER                  
     00000000  l___molusk_song                 
     00000000  s__CABS                         
     00000000  s__DABS                         
     00000000  s___molusk_song                 
     00000000  s___molusk_song0                
     00000A9F  l__CODE                         
     000022B3  l___molusk_song0                
     00004000  s__CODE                         
     00004A9F  s__DATA                         
     00004A9F  s__GSFINAL                      
     00004A9F  s__GSINIT                       
     00004A9F  s__HOME                         
     00004A9F  s__INITIALIZED                  
     00004A9F  s__INITIALIZER                  

ASxxxx Linker V03.00 + NoICE + sdld,  page 2.
Hexadecimal  [32-Bits]

Area                                    Addr        Size        Decimal Bytes (Attributes)
--------------------------------        ----        ----        ------- ----- ------------
_CODE                               00004000    00000A9F =        2719. bytes (REL,CON)

      Value  Global                              Global Defined In Module
      -----  --------------------------------   ------------------------
     00004000  _checkKeyEvent                     main
     00004022  _main                              main
     0000416E  _cpct_isKeyPressed                 cpct_keyboard
     0000416E  cpct_isKeyPressed_asm              cpct_keyboard
     0000417A  _cpct_scanKeyboard_f               cpct_keyboard
     0000417A  cpct_scanKeyboard_f_asm            cpct_keyboard
     000041E4  _cpct_akp_digidrumStatus           cpct_audio
     000041E5  _cpct_akp_songLoopTimes            cpct_audio
     000041E6  _cpct_akp_musicPlay                cpct_audio
     000041E6  cpct_akp_musicPlay_asm             cpct_audio
     000048E9  _cpct_akp_musicInit                cpct_audio
     000048F0  cpct_akp_musicInit_asm             cpct_audio
     00004949  _cpct_akp_stop                     cpct_audio
     00004949  cpct_akp_stop_asm                  cpct_audio
     0000495C  _cpct_akp_SFXGetInstrument         cpct_audio
     00004961  cpct_akp_SFXGetInstrument_asm      cpct_audio
     00004975  _cpct_akp_SFXInit                  cpct_audio
     0000497C  cpct_akp_SFXInit_asm               cpct_audio
     00004983  _cpct_akp_SFXStopAll               cpct_audio
     00004983  cpct_akp_SFXStopAll_asm            cpct_audio
     00004990  _cpct_akp_SFXPlay                  cpct_audio
     000049A2  cpct_akp_SFXPlay_asm               cpct_audio
     000049EF  _cpct_akp_SFXStop                  cpct_audio
     000049F4  cpct_akp_SFXStop_asm               cpct_audio
     00004A0D  _cpct_drawCharM2                   cpct_strings
     00004A28  _cpct_keyboardStatusBuffer         cpct_keyboard
     00004A32  _cpct_waitVSYNC                    cpct_video
     00004A32  cpct_waitVSYNC_asm                 cpct_video
     00004A3A  _cpct_setVideoMode                 cpct_video
     00004A48  _cpct_disableFirmware              cpct_firmware
     00004A48  _cpct_removeInterruptHandler       cpct_firmware
     00004A48  cpct_disableFirmware_asm           cpct_firmware
     00004A48  cpct_removeInterruptHandler_asm    cpct_firmware
     00004A58  _cpct_mode_rom_status              cpct_firmware
     00004A59  _cpct_setDrawCharM2                cpct_strings
     00004A79  cpct_drawCharM2_inner_asm          cpct_strings
     00004A88  cpct_charm2imc                     cpct_strings

ASxxxx Linker V03.00 + NoICE + sdld,  page 3.
Hexadecimal  [32-Bits]

Area                                    Addr        Size        Decimal Bytes (Attributes)
--------------------------------        ----        ----        ------- ----- ------------
__molusk_song0                      00000000    000022B3 =        8883. bytes (ABS,CON)

      Value  Global                              Global Defined In Module
      -----  --------------------------------   ------------------------
     00001D4D  _molusk_song                       

ASxxxx Linker V03.00 + NoICE + sdld,  page 4.

Files Linked                              [ module(s) ]

obj/molusk.rel                            [  ]
obj/main.rel                              [ main ]


Libraries Linked                          [ object file ]

/home/oscar/cpctelera/cpctelera/cpctelera.lib
                                          [ cpct_isKeyPressed.rel ]
/home/oscar/cpctelera/cpctelera/cpctelera.lib
                                          [ cpct_scanKeyboard_f.rel ]
/home/oscar/cpctelera/cpctelera/cpctelera.lib
                                          [ arkostracker.rel ]
/home/oscar/cpctelera/cpctelera/cpctelera.lib
                                          [ cpct_drawCharM2_cbindings.rel ]
/home/oscar/cpctelera/cpctelera/cpctelera.lib
                                          [ keyboard.rel ]
/home/oscar/cpctelera/cpctelera/cpctelera.lib
                                          [ cpct_waitVSYNC.rel ]
/home/oscar/cpctelera/cpctelera/cpctelera.lib
                                          [ cpct_setVideoMode_cbindings.rel ]
/home/oscar/cpctelera/cpctelera/cpctelera.lib
                                          [ cpct_removeInterruptHandler.rel ]
/home/oscar/cpctelera/cpctelera/cpctelera.lib
                                          [ cpc_mode_rom_status.rel ]
/home/oscar/cpctelera/cpctelera/cpctelera.lib
                                          [ cpct_setDrawCharM2_cbindings.rel ]
/home/oscar/cpctelera/cpctelera/cpctelera.lib
                                          [ cpct_drawCharM2_inner.rel ]

ASxxxx Linker V03.00 + NoICE + sdld,  page 5.

User Base Address Definitions

_CODE = 0x4000
_DATA = 0x0000

