ASxxxx Linker V03.00 + NoICE + sdld,  page 1.
Hexadecimal  [32-Bits]

Area                                    Addr        Size        Decimal Bytes (Attributes)
--------------------------------        ----        ----        ------- ----- ------------
.  .ABS.                            00000000    00000000 =           0. bytes (ABS,CON)

      Value  Global                              Global Defined In Module
      -----  --------------------------------   ------------------------
     00000000  .__.ABS.                           cpct_video
     00000000  l__CABS                         
     00000000  l__DABS                         
     00000000  l__DATA                         
     00000000  l__GSFINAL                      
     00000000  l__GSINIT                       
     00000000  l__HOME                         
     00000000  l__INITIALIZED                  
     00000000  l__INITIALIZER                  
     00000000  s__CABS                         
     00000000  s__DABS                         
     000005F3  l__CODE                         
     00004000  s__CODE                         
     000045F3  s__DATA                         
     000045F3  s__GSFINAL                      
     000045F3  s__GSINIT                       
     000045F3  s__HOME                         
     000045F3  s__INITIALIZED                  
     000045F3  s__INITIALIZER                  

ASxxxx Linker V03.00 + NoICE + sdld,  page 2.
Hexadecimal  [32-Bits]

Area                                    Addr        Size        Decimal Bytes (Attributes)
--------------------------------        ----        ----        ------- ----- ------------
_CODE                               00004000    000005F3 =        1523. bytes (REL,CON)

      Value  Global                              Global Defined In Module
      -----  --------------------------------   ------------------------
     00004000  _shiftSpritePixelsRight            main
     0000402E  _shiftSpritePixelsLeft             main
     00004070  _shiftSprite                       main
     000040CF  _drawEntity                        main
     000041AE  _checkUserInput                    main
     0000426B  _main                              main
     000042B7  _g_palette                         character
     000042BC  _g_character                       character
     0000437C  _cpct_setPalette                   cpct_video
     00004393  _cpct_isKeyPressed                 cpct_keyboard
     00004393  cpct_isKeyPressed_asm              cpct_keyboard
     0000439F  _cpct_scanKeyboard_f               cpct_keyboard
     0000439F  cpct_scanKeyboard_f_asm            cpct_keyboard
     00004409  _cpct_setPALColour                 cpct_video
     00004415  _cpct_drawSprite                   cpct_sprites
     000044BA  _cpct_keyboardStatusBuffer         cpct_keyboard
     000044C4  _cpct_memset_f64                   cpct_memutils
     0000450F  _cpct_waitVSYNC                    cpct_video
     0000450F  cpct_waitVSYNC_asm                 cpct_video
     00004517  _cpct_setVideoMode                 cpct_video
     00004525  _cpct_disableFirmware              cpct_firmware
     00004525  _cpct_removeInterruptHandler       cpct_firmware
     00004525  cpct_disableFirmware_asm           cpct_firmware
     00004525  cpct_removeInterruptHandler_asm    cpct_firmware
     00004535  _cpct_drawSolidBox                 cpct_sprites
     000045DC  _cpct_mode_rom_status              cpct_firmware
     000045DD  _cpct_getScreenPtr                 cpct_video
ASxxxx Linker V03.00 + NoICE + sdld,  page 3.

Files Linked                              [ module(s) ]

obj/main.rel                              [ main ]
obj/sprites/character.rel                 [ character ]


Libraries Linked                          [ object file ]

/home/oscar/cpctelera/cpctelera/cpctelera.lib
                                          [ cpct_setPalette_cbindings.rel ]
/home/oscar/cpctelera/cpctelera/cpctelera.lib
                                          [ cpct_isKeyPressed.rel ]
/home/oscar/cpctelera/cpctelera/cpctelera.lib
                                          [ cpct_scanKeyboard_f.rel ]
/home/oscar/cpctelera/cpctelera/cpctelera.lib
                                          [ cpct_setPALColour_cbindings.rel ]
/home/oscar/cpctelera/cpctelera/cpctelera.lib
                                          [ cpct_drawSprite_cbindings.rel ]
/home/oscar/cpctelera/cpctelera/cpctelera.lib
                                          [ keyboard.rel ]
/home/oscar/cpctelera/cpctelera/cpctelera.lib
                                          [ cpct_memset_f64_cbinding.rel ]
/home/oscar/cpctelera/cpctelera/cpctelera.lib
                                          [ cpct_waitVSYNC.rel ]
/home/oscar/cpctelera/cpctelera/cpctelera.lib
                                          [ cpct_setVideoMode_cbindings.rel ]
/home/oscar/cpctelera/cpctelera/cpctelera.lib
                                          [ cpct_removeInterruptHandler.rel ]
/home/oscar/cpctelera/cpctelera/cpctelera.lib
                                          [ cpct_drawSolidBox_cbindings.rel ]
/home/oscar/cpctelera/cpctelera/cpctelera.lib
                                          [ cpc_mode_rom_status.rel ]
/home/oscar/cpctelera/cpctelera/cpctelera.lib
                                          [ cpct_getScreenPtr_cbindings.rel ]

ASxxxx Linker V03.00 + NoICE + sdld,  page 4.

User Base Address Definitions

_CODE = 0x4000
_DATA = 0x0000

