ASxxxx Linker V03.00 + NoICE + sdld,  page 1.
Hexadecimal  [32-Bits]

Area                                    Addr        Size        Decimal Bytes (Attributes)
--------------------------------        ----        ----        ------- ----- ------------
.  .ABS.                            00000000    00000000 =           0. bytes (ABS,CON)

      Value  Global                              Global Defined In Module
      -----  --------------------------------   ------------------------
     00000000  .__.ABS.                           
     00000000  l__CABS                         
     00000000  l__DABS                         
     00000000  l__DATA                         
     00000000  l__GSFINAL                      
     00000000  l__GSINIT                       
     00000000  l__HOME                         
     00000000  l__INITIALIZED                  
     00000000  l__INITIALIZER                  
     00000000  s__CABS                         
     00000000  s__DABS                         
     000005A5  l__CODE                         
     00004000  s__CODE                         
     000045A5  s__DATA                         
     000045A5  s__GSFINAL                      
     000045A5  s__GSINIT                       
     000045A5  s__HOME                         
     000045A5  s__INITIALIZED                  
     000045A5  s__INITIALIZER                  

ASxxxx Linker V03.00 + NoICE + sdld,  page 2.
Hexadecimal  [32-Bits]

Area                                    Addr        Size        Decimal Bytes (Attributes)
--------------------------------        ----        ----        ------- ----- ------------
_CODE                               00004000    000005A5 =        1445. bytes (REL,CON)

      Value  Global                              Global Defined In Module
      -----  --------------------------------   ------------------------
     00004000  _main                              main
     00004149  _G_palette                         sprites
     0000414D  _G_death                           sprites
     000042D9  __divuint                          
     000042E1  __divuchar                         
     000042E8  __divu8                            
     000042EB  __divu16                           
     0000431A  _cpct_setPalette                   cpct_video
     00004331  _cpct_isKeyPressed                 cpct_keyboard
     00004331  cpct_isKeyPressed_asm              cpct_keyboard
     0000433D  _cpct_scanKeyboard_f               cpct_keyboard
     0000433D  cpct_scanKeyboard_f_asm            cpct_keyboard
     000043A7  _cpct_setPALColour                 cpct_video
     000043B3  _cpct_drawSprite                   cpct_sprites
     00004458  _cpct_drawCharM1                   cpct_strings
     0000447B  _cpct_fw2hw                        cpct_video
     0000448E  _cpct_count2VSYNC                  cpct_video
     0000448E  cpct_count2VSYNC_asm               cpct_video
     0000449A  _cpct_keyboardStatusBuffer         cpct_keyboard
     000044A4  cpct_firmware2hw_colour            
     000044BF  _cpct_waitVSYNC                    cpct_video
     000044BF  cpct_waitVSYNC_asm                 cpct_video
     000044C7  _cpct_setVideoMode                 cpct_video
     000044D5  _cpct_disableFirmware              cpct_firmware
     000044D5  _cpct_removeInterruptHandler       cpct_firmware
     000044D5  cpct_disableFirmware_asm           cpct_firmware
     000044D5  cpct_removeInterruptHandler_asm    cpct_firmware
     000044E5  _cpct_mode_rom_status              cpct_firmware
     000044E6  _cpct_setDrawCharM1                cpct_strings
     0000453A  __moduchar                         
     00004546  __moduint                          
     00004551  cpct_drawCharM1_inner_asm          cpct_strings
     00004591  cpct_char2pxM1                     cpct_strings
     000045A1  dc_mode1_ct                        

ASxxxx Linker V03.00 + NoICE + sdld,  page 3.

Files Linked                              [ module(s) ]

obj/main.rel                              [ main ]
obj/sprites.rel                           [ sprites ]


Libraries Linked                          [ object file ]

/home/oscar/cpctelera/cpctelera/tools/sdcc-3.6.8-r9946/bin/../share/sdcc/lib/z80/z80.lib
                                          [ divunsigned.rel ]
/home/oscar/cpctelera/cpctelera/cpctelera.lib
                                          [ cpct_setPalette_cbindings.rel ]
/home/oscar/cpctelera/cpctelera/cpctelera.lib
                                          [ cpct_isKeyPressed.rel ]
/home/oscar/cpctelera/cpctelera/cpctelera.lib
                                          [ cpct_scanKeyboard_f.rel ]
/home/oscar/cpctelera/cpctelera/cpctelera.lib
                                          [ cpct_setPALColour_cbindings.rel ]
/home/oscar/cpctelera/cpctelera/cpctelera.lib
                                          [ cpct_drawSprite_cbindings.rel ]
/home/oscar/cpctelera/cpctelera/cpctelera.lib
                                          [ cpct_drawCharM1_cbindings.rel ]
/home/oscar/cpctelera/cpctelera/cpctelera.lib
                                          [ cpct_fw2hw_cbindings.rel ]
/home/oscar/cpctelera/cpctelera/cpctelera.lib
                                          [ cpct_count2VSYNC.rel ]
/home/oscar/cpctelera/cpctelera/cpctelera.lib
                                          [ keyboard.rel ]
/home/oscar/cpctelera/cpctelera/cpctelera.lib
                                          [ cpct_firmware2hw_colour_table.re ]
/home/oscar/cpctelera/cpctelera/cpctelera.lib
                                          [ cpct_waitVSYNC.rel ]
/home/oscar/cpctelera/cpctelera/cpctelera.lib
                                          [ cpct_setVideoMode_cbindings.rel ]
/home/oscar/cpctelera/cpctelera/cpctelera.lib
                                          [ cpct_removeInterruptHandler.rel ]
/home/oscar/cpctelera/cpctelera/cpctelera.lib
                                          [ cpc_mode_rom_status.rel ]
/home/oscar/cpctelera/cpctelera/cpctelera.lib
                                          [ cpct_setDrawCharM1_cbindings.rel ]
/home/oscar/cpctelera/cpctelera/tools/sdcc-3.6.8-r9946/bin/../share/sdcc/lib/z80/z80.lib
                                          [ modunsigned.rel ]
/home/oscar/cpctelera/cpctelera/cpctelera.lib
                                          [ cpct_drawCharM1_inner.rel ]
/home/oscar/cpctelera/cpctelera/cpctelera.lib
                                          [ cpct_dc_mode1_ct.rel ]

ASxxxx Linker V03.00 + NoICE + sdld,  page 4.

User Base Address Definitions

_CODE = 0x4000
_DATA = 0x0000

