ASxxxx Linker V03.00 + NoICE + sdld,  page 1.
Hexadecimal  [32-Bits]

Area                                    Addr        Size        Decimal Bytes (Attributes)
--------------------------------        ----        ----        ------- ----- ------------
.  .ABS.                            00000000    00000000 =           0. bytes (ABS,CON)

      Value  Global                              Global Defined In Module
      -----  --------------------------------   ------------------------
     00000000  .__.ABS.                           
     00000000  l__CABS                         
     00000000  l__DABS                         
     00000000  l__DATA                         
     00000000  l__GSFINAL                      
     00000000  l__GSINIT                       
     00000000  l__HOME                         
     00000000  l__INITIALIZED                  
     00000000  l__INITIALIZER                  
     00000000  s__CABS                         
     00000000  s__DABS                         
     00000523  l__CODE                         
     00004000  s__CODE                         
     00004523  s__DATA                         
     00004523  s__GSFINAL                      
     00004523  s__GSINIT                       
     00004523  s__HOME                         
     00004523  s__INITIALIZED                  
     00004523  s__INITIALIZER                  

ASxxxx Linker V03.00 + NoICE + sdld,  page 2.
Hexadecimal  [32-Bits]

Area                                    Addr        Size        Decimal Bytes (Attributes)
--------------------------------        ----        ----        ------- ----- ------------
_CODE                               00004000    00000523 =        1315. bytes (REL,CON)

      Value  Global                              Global Defined In Module
      -----  --------------------------------   ------------------------
     00004000  _wait_frames                       main
     0000402B  _main                              main
     000042CE  _cpct_drawStringM0                 cpct_strings
     00004308  _cpct_drawStringM1                 cpct_strings
     00004338  _cpct_drawStringM2                 cpct_strings
     00004367  cpct_drawCharM0_inner_asm          cpct_strings
     000043C7  dc_2pxtableM0                      cpct_strings
     000043CB  cpct_drawCharM1_inner_asm          cpct_strings
     0000440B  cpct_char2pxM1                     cpct_strings
     0000441B  cpct_drawCharM2_inner_asm          cpct_strings
     0000442A  cpct_charm2imc                     cpct_strings
     00004441  _cpct_waitVSYNC                    cpct_video
     00004441  cpct_waitVSYNC_asm                 cpct_video
     00004449  _cpct_setVideoMode                 cpct_video
     00004457  _cpct_memset                       cpct_memutils
     00004465  _cpct_disableFirmware              cpct_firmware
     00004465  _cpct_removeInterruptHandler       cpct_firmware
     00004465  cpct_disableFirmware_asm           cpct_firmware
     00004465  cpct_removeInterruptHandler_asm    cpct_firmware
     00004475  _cpct_mode_rom_status              cpct_firmware
     00004476  _cpct_setDrawCharM0                cpct_strings
     0000449B  _cpct_setDrawCharM1                cpct_strings
     000044EF  _cpct_setDrawCharM2                cpct_strings
     0000450F  dc_mode0_ct                        cpct_strings
     0000451F  dc_mode1_ct                        

ASxxxx Linker V03.00 + NoICE + sdld,  page 3.

Files Linked                              [ module(s) ]

obj/main.rel                              [ main ]


Libraries Linked                          [ object file ]

/home/oscar/cpctelera/cpctelera/cpctelera.lib
                                          [ cpct_drawStringM0_cbindings.rel ]
/home/oscar/cpctelera/cpctelera/cpctelera.lib
                                          [ cpct_drawStringM1_cbindings.rel ]
/home/oscar/cpctelera/cpctelera/cpctelera.lib
                                          [ cpct_drawStringM2_cbindings.rel ]
/home/oscar/cpctelera/cpctelera/cpctelera.lib
                                          [ cpct_drawCharM0_inner.rel ]
/home/oscar/cpctelera/cpctelera/cpctelera.lib
                                          [ cpct_drawCharM1_inner.rel ]
/home/oscar/cpctelera/cpctelera/cpctelera.lib
                                          [ cpct_drawCharM2_inner.rel ]
/home/oscar/cpctelera/cpctelera/cpctelera.lib
                                          [ cpct_waitVSYNC.rel ]
/home/oscar/cpctelera/cpctelera/cpctelera.lib
                                          [ cpct_setVideoMode_cbindings.rel ]
/home/oscar/cpctelera/cpctelera/cpctelera.lib
                                          [ cpct_memset_cbinding.rel ]
/home/oscar/cpctelera/cpctelera/cpctelera.lib
                                          [ cpct_removeInterruptHandler.rel ]
/home/oscar/cpctelera/cpctelera/cpctelera.lib
                                          [ cpc_mode_rom_status.rel ]
/home/oscar/cpctelera/cpctelera/cpctelera.lib
                                          [ cpct_setDrawCharM0_cbindings.rel ]
/home/oscar/cpctelera/cpctelera/cpctelera.lib
                                          [ cpct_setDrawCharM1_cbindings.rel ]
/home/oscar/cpctelera/cpctelera/cpctelera.lib
                                          [ cpct_setDrawCharM2_cbindings.rel ]
/home/oscar/cpctelera/cpctelera/cpctelera.lib
                                          [ cpct_dc_mode0_ct.rel ]
/home/oscar/cpctelera/cpctelera/cpctelera.lib
                                          [ cpct_dc_mode1_ct.rel ]

ASxxxx Linker V03.00 + NoICE + sdld,  page 4.

User Base Address Definitions

_CODE = 0x4000
_DATA = 0x0000

