ASxxxx Linker V03.00 + NoICE + sdld,  page 1.
Hexadecimal  [32-Bits]

Area                                    Addr        Size        Decimal Bytes (Attributes)
--------------------------------        ----        ----        ------- ----- ------------
.  .ABS.                            00000000    00000000 =           0. bytes (ABS,CON)

      Value  Global                              Global Defined In Module
      -----  --------------------------------   ------------------------
     00000000  .__.ABS.                           cpct_strings
     00000000  l__CABS                         
     00000000  l__DABS                         
     00000000  l__DATA                         
     00000000  l__GSFINAL                      
     00000000  l__GSINIT                       
     00000000  l__HOME                         
     00000000  l__INITIALIZED                  
     00000000  l__INITIALIZER                  
     00000000  s__CABS                         
     00000000  s__DABS                         
     00000985  l__CODE                         
     00004000  s__CODE                         
     00004985  s__DATA                         
     00004985  s__GSFINAL                      
     00004985  s__GSINIT                       
     00004985  s__HOME                         
     00004985  s__INITIALIZED                  
     00004985  s__INITIALIZER                  

ASxxxx Linker V03.00 + NoICE + sdld,  page 2.
Hexadecimal  [32-Bits]

Area                                    Addr        Size        Decimal Bytes (Attributes)
--------------------------------        ----        ----        ------- ----- ------------
_CODE                               00004000    00000985 =        2437. bytes (REL,CON)

      Value  Global                              Global Defined In Module
      -----  --------------------------------   ------------------------
     00004000  _g_palette                         spirit
     00004008  _g_spirit                          spirit
     000044E2  _initialize                        main
     000045B7  _main                              main
     0000462E  _cpct_setPalette                   cpct_video
     00004645  _cpct_isKeyPressed                 cpct_keyboard
     00004645  cpct_isKeyPressed_asm              cpct_keyboard
     00004651  _cpct_scanKeyboard_f               cpct_keyboard
     00004651  cpct_scanKeyboard_f_asm            cpct_keyboard
     000046BB  _cpct_setPALColour                 cpct_video
     000046C7  _cpct_drawStringM0                 cpct_strings
     00004701  cpct_drawCharM0_inner_asm          cpct_strings
     00004761  dc_2pxtableM0                      cpct_strings
     00004765  _cpct_drawSprite                   cpct_sprites
     0000480A  _cpct_keyboardStatusBuffer         cpct_keyboard
     00004814  _cpct_hflipSpriteM0                cpct_sprites
     00004858  _cpct_setVideoMode                 cpct_video
     00004866  _cpct_px2byteM0                    cpct_sprites
     00004882  _cpct_disableFirmware              cpct_firmware
     00004882  _cpct_removeInterruptHandler       cpct_firmware
     00004882  cpct_disableFirmware_asm           cpct_firmware
     00004882  cpct_removeInterruptHandler_asm    cpct_firmware
     00004892  _cpct_drawSolidBox                 cpct_sprites
     00004939  _cpct_mode_rom_status              cpct_firmware
     0000493A  _cpct_setDrawCharM0                cpct_strings
     0000495F  _cpct_getScreenPtr                 cpct_video
     00004975  dc_mode0_ct                        cpct_strings
ASxxxx Linker V03.00 + NoICE + sdld,  page 3.

Files Linked                              [ module(s) ]

obj/spirit.rel                            [ spirit ]
obj/main.rel                              [ main ]


Libraries Linked                          [ object file ]

/home/oscar/cpctelera/cpctelera/cpctelera.lib
                                          [ cpct_setPalette_cbindings.rel ]
/home/oscar/cpctelera/cpctelera/cpctelera.lib
                                          [ cpct_isKeyPressed.rel ]
/home/oscar/cpctelera/cpctelera/cpctelera.lib
                                          [ cpct_scanKeyboard_f.rel ]
/home/oscar/cpctelera/cpctelera/cpctelera.lib
                                          [ cpct_setPALColour_cbindings.rel ]
/home/oscar/cpctelera/cpctelera/cpctelera.lib
                                          [ cpct_drawStringM0_cbindings.rel ]
/home/oscar/cpctelera/cpctelera/cpctelera.lib
                                          [ cpct_drawCharM0_inner.rel ]
/home/oscar/cpctelera/cpctelera/cpctelera.lib
                                          [ cpct_drawSprite_cbindings.rel ]
/home/oscar/cpctelera/cpctelera/cpctelera.lib
                                          [ keyboard.rel ]
/home/oscar/cpctelera/cpctelera/cpctelera.lib
                                          [ cpct_hflipSpriteM0_cbindings.rel ]
/home/oscar/cpctelera/cpctelera/cpctelera.lib
                                          [ cpct_setVideoMode_cbindings.rel ]
/home/oscar/cpctelera/cpctelera/cpctelera.lib
                                          [ cpct_px2byteM0_cbindings.rel ]
/home/oscar/cpctelera/cpctelera/cpctelera.lib
                                          [ cpct_removeInterruptHandler.rel ]
/home/oscar/cpctelera/cpctelera/cpctelera.lib
                                          [ cpct_drawSolidBox_cbindings.rel ]
/home/oscar/cpctelera/cpctelera/cpctelera.lib
                                          [ cpc_mode_rom_status.rel ]
/home/oscar/cpctelera/cpctelera/cpctelera.lib
                                          [ cpct_setDrawCharM0_cbindings.rel ]
/home/oscar/cpctelera/cpctelera/cpctelera.lib
                                          [ cpct_getScreenPtr_cbindings.rel ]
/home/oscar/cpctelera/cpctelera/cpctelera.lib
                                          [ cpct_dc_mode0_ct.rel ]

ASxxxx Linker V03.00 + NoICE + sdld,  page 4.

User Base Address Definitions

_CODE = 0x4000
_DATA = 0x0000

