ASxxxx Linker V03.00 + NoICE + sdld,  page 1.
Hexadecimal  [32-Bits]

Area                                    Addr        Size        Decimal Bytes (Attributes)
--------------------------------        ----        ----        ------- ----- ------------
.  .ABS.                            00000000    00000000 =           0. bytes (ABS,CON)

      Value  Global                              Global Defined In Module
      -----  --------------------------------   ------------------------
     00000000  .__.ABS.                           
     00000000  l__CABS                         
     00000000  l__DABS                         
     00000000  l__DATA                         
     00000000  l__GSFINAL                      
     00000000  l__GSINIT                       
     00000000  l__HOME                         
     00000000  s__CABS                         
     00000000  s__DABS                         
     00000001  l__INITIALIZED                  
     00000001  l__INITIALIZER                  
     000002D8  l__CODE                         
     00004000  s__CODE                         
     00008000  s__DATA                         
     00008000  s__INITIALIZED                  
     00008001  s__GSFINAL                      
     00008001  s__GSINIT                       
     00008001  s__HOME                         
     00008001  s__INITIALIZER                  

ASxxxx Linker V03.00 + NoICE + sdld,  page 2.
Hexadecimal  [32-Bits]

Area                                    Addr        Size        Decimal Bytes (Attributes)
--------------------------------        ----        ----        ------- ----- ------------
_CODE                               00004000    000002D8 =         728. bytes (REL,CON)

      Value  Global                              Global Defined In Module
      -----  --------------------------------   ------------------------
     00004000  _main                              anivemin_example
     000040EC  _g_palette                         anivemin_example
     000040FC  _cpct_setPalette                   cpct_video
     00004113  _cpct_isKeyPressed                 cpct_keyboard
     00004113  cpct_isKeyPressed_asm              cpct_keyboard
     0000411F  _cpct_keyboardStatusBuffer         cpct_keyboard
     00004129  _cpct_waitVSYNC                    cpct_video
     00004129  cpct_waitVSYNC_asm                 cpct_video
     00004131  _cpct_setVideoMode                 cpct_video
     0000413F  _cpct_memset                       cpct_memutils
     0000414D  _cpct_disableFirmware              cpct_firmware
     0000414D  _cpct_removeInterruptHandler       cpct_firmware
     0000414D  cpct_disableFirmware_asm           cpct_firmware
     0000414D  cpct_removeInterruptHandler_asm    cpct_firmware
     0000415D  _cpct_drawSolidBox                 cpct_sprites
     00004204  __modschar                         
     00004211  __modsint                          
     0000421D  _cpct_mode_rom_status              cpct_firmware
     0000421E  _cpct_scanKeyboard                 cpct_keyboard
     0000421E  cpct_scanKeyboard_asm              cpct_keyboard
     0000424F  __divsint                          
     00004258  __divschar                         
     0000425F  __div8                             
     00004263  __div_signexte                     
     00004267  __div16                            
     0000428D  __get_remainder                    
     00004297  __divuint                          
     0000429F  __divuchar                         
     000042A6  __divu8                            
     000042A9  __divu16                           
ASxxxx Linker V03.00 + NoICE + sdld,  page 3.
Hexadecimal  [32-Bits]

Area                                    Addr        Size        Decimal Bytes (Attributes)
--------------------------------        ----        ----        ------- ----- ------------
_INITIALIZED                        00008000    00000001 =           1. bytes (REL,CON)

      Value  Global                              Global Defined In Module
      -----  --------------------------------   ------------------------
     00008000  _border_color                      anivemin_example

ASxxxx Linker V03.00 + NoICE + sdld,  page 4.
Hexadecimal  [32-Bits]

Area                                    Addr        Size        Decimal Bytes (Attributes)
--------------------------------        ----        ----        ------- ----- ------------
_INITIALIZER                        00008001    00000001 =           1. bytes (REL,CON)

      Value  Global                              Global Defined In Module
      -----  --------------------------------   ------------------------
ASxxxx Linker V03.00 + NoICE + sdld,  page 5.

Files Linked                              [ module(s) ]

obj/anivemin_example.rel                  [ anivemin_example ]


Libraries Linked                          [ object file ]

/home/oscar/cpctelera/cpctelera/cpctelera.lib
                                          [ cpct_setPalette_cbindings.rel ]
/home/oscar/cpctelera/cpctelera/cpctelera.lib
                                          [ cpct_isKeyPressed.rel ]
/home/oscar/cpctelera/cpctelera/cpctelera.lib
                                          [ keyboard.rel ]
/home/oscar/cpctelera/cpctelera/cpctelera.lib
                                          [ cpct_waitVSYNC.rel ]
/home/oscar/cpctelera/cpctelera/cpctelera.lib
                                          [ cpct_setVideoMode_cbindings.rel ]
/home/oscar/cpctelera/cpctelera/cpctelera.lib
                                          [ cpct_memset_cbinding.rel ]
/home/oscar/cpctelera/cpctelera/cpctelera.lib
                                          [ cpct_removeInterruptHandler.rel ]
/home/oscar/cpctelera/cpctelera/cpctelera.lib
                                          [ cpct_drawSolidBox_cbindings.rel ]
/home/oscar/cpctelera/cpctelera/tools/sdcc-3.6.8-r9946/bin/../share/sdcc/lib/z80/z80.lib
                                          [ modsigned.rel ]
/home/oscar/cpctelera/cpctelera/cpctelera.lib
                                          [ cpc_mode_rom_status.rel ]
/home/oscar/cpctelera/cpctelera/cpctelera.lib
                                          [ cpct_scanKeyboard.rel ]
/home/oscar/cpctelera/cpctelera/tools/sdcc-3.6.8-r9946/bin/../share/sdcc/lib/z80/z80.lib
                                          [ divsigned.rel ]
/home/oscar/cpctelera/cpctelera/tools/sdcc-3.6.8-r9946/bin/../share/sdcc/lib/z80/z80.lib
                                          [ divunsigned.rel ]

ASxxxx Linker V03.00 + NoICE + sdld,  page 6.

User Base Address Definitions

_CODE = 0x4000
_DATA = 0x8000

