ASxxxx Linker V03.00 + NoICE + sdld,  page 1.
Hexadecimal  [32-Bits]

Area                                    Addr        Size        Decimal Bytes (Attributes)
--------------------------------        ----        ----        ------- ----- ------------
.  .ABS.                            00000000    00000000 =           0. bytes (ABS,CON)

      Value  Global                              Global Defined In Module
      -----  --------------------------------   ------------------------
     00000000  .__.ABS.                           cpct_firmware
     00000000  l__CABS                         
     00000000  l__DABS                         
     00000000  l__DATA                         
     00000000  l__GSFINAL                      
     00000000  l__GSINIT                       
     00000000  l__HOME                         
     00000000  l__INITIALIZED                  
     00000000  l__INITIALIZER                  
     00000000  s__CABS                         
     00000000  s__DABS                         
     00000100  s__CODE                         
     00000E36  l__CODE                         
     00000F36  s__DATA                         
     00000F36  s__GSFINAL                      
     00000F36  s__GSINIT                       
     00000F36  s__HOME                         
     00000F36  s__INITIALIZED                  
     00000F36  s__INITIALIZER                  

ASxxxx Linker V03.00 + NoICE + sdld,  page 2.
Hexadecimal  [32-Bits]

Area                                    Addr        Size        Decimal Bytes (Attributes)
--------------------------------        ----        ----        ------- ----- ------------
_CODE                               00000100    00000E36 =        3638. bytes (REL,CON)

      Value  Global                              Global Defined In Module
      -----  --------------------------------   ------------------------
     00000100  _main                              main
     0000038B  _vprintf                           vprintf
     000003AB  _printf                            vprintf
     000003C8  _cpct_memset                       cpct_memutils
     000004D5  __print_format                     printf_large
     00000F17  _putchar                           cpct_strings
     00000F17  _putchar_rr_s                      cpct_strings
     00000F20  _putchar_rr_dbs                    cpct_strings
     00000F25  ___sdcc_call_hl                    
     00000F26  _strlen                            
     00000F35  _cpct_mode_rom_status              cpct_firmware

ASxxxx Linker V03.00 + NoICE + sdld,  page 3.

Files Linked                              [ module(s) ]

obj/main.rel                              [ main ]


Libraries Linked                          [ object file ]

/home/oscar/cpctelera/cpctelera/tools/sdcc-3.6.8-r9946/bin/../share/sdcc/lib/z80/z80.lib
                                          [ vprintf.rel ]
/home/oscar/cpctelera/cpctelera/cpctelera.lib
                                          [ cpct_memset_cbinding.rel ]
/home/oscar/cpctelera/cpctelera/tools/sdcc-3.6.8-r9946/bin/../share/sdcc/lib/z80/z80.lib
                                          [ printf_large.rel ]
/home/oscar/cpctelera/cpctelera/cpctelera.lib
                                          [ cpct_putChar.rel ]
/home/oscar/cpctelera/cpctelera/tools/sdcc-3.6.8-r9946/bin/../share/sdcc/lib/z80/z80.lib
                                          [ __sdcc_call_hl.rel ]
/home/oscar/cpctelera/cpctelera/tools/sdcc-3.6.8-r9946/bin/../share/sdcc/lib/z80/z80.lib
                                          [ strlen.rel ]
/home/oscar/cpctelera/cpctelera/cpctelera.lib
                                          [ cpc_mode_rom_status.rel ]

ASxxxx Linker V03.00 + NoICE + sdld,  page 4.

User Base Address Definitions

_CODE = 0x0100
_DATA = 0x0000

