ASxxxx Linker V03.00 + NoICE + sdld,  page 1.
Hexadecimal  [32-Bits]

Area                                    Addr        Size        Decimal Bytes (Attributes)
--------------------------------        ----        ----        ------- ----- ------------
.  .ABS.                            00000000    00000000 =           0. bytes (ABS,CON)

      Value  Global                              Global Defined In Module
      -----  --------------------------------   ------------------------
     00000000  .__.ABS.                           cpct_sprites
     00000000  l__CABS                         
     00000000  l__DABS                         
     00000000  l__DATA                         
     00000000  l__GSFINAL                      
     00000000  l__GSINIT                       
     00000000  l__HOME                         
     00000000  l__INITIALIZED                  
     00000000  l__INITIALIZER                  
     00000000  s__CABS                         
     00000000  s__DABS                         
     00000100  s__CODE                         
     000003C1  l__CODE                         
     000004C1  s__DATA                         
     000004C1  s__GSFINAL                      
     000004C1  s__GSINIT                       
     000004C1  s__HOME                         
     000004C1  s__INITIALIZED                  
     000004C1  s__INITIALIZER                  

ASxxxx Linker V03.00 + NoICE + sdld,  page 2.
Hexadecimal  [32-Bits]

Area                                    Addr        Size        Decimal Bytes (Attributes)
--------------------------------        ----        ----        ------- ----- ------------
_CODE                               00000100    000003C1 =         961. bytes (REL,CON)

      Value  Global                              Global Defined In Module
      -----  --------------------------------   ------------------------
     00000100  _fillupScreen                      main
     0000020B  _WAITCLEARED                       main
     0000020D  _WAITPAINTED                       main
     0000020F  _tiles                             main
     0000022D  _main                              main
     00000290  _waves_2x4                         sprites
     00000298  _waves_2x8                         sprites
     000002A8  _F_2x8                             sprites
     000002B8  _waves_4x4                         sprites
     000002C8  _waves_4x8                         sprites
     000002E8  _FF_4x8                            sprites
     00000308  _cpct_drawTileAligned4x8_f         cpct_sprites
     0000036D  __divuint                          
     00000375  __divuchar                         
     0000037C  __divu8                            
     0000037F  __divu16                           
     000003AE  _cpct_setVideoMode                 cpct_video
     000003BC  _cpct_memset                       cpct_memutils
     000003CA  _cpct_disableFirmware              cpct_firmware
     000003CA  _cpct_removeInterruptHandler       cpct_firmware
     000003CA  cpct_disableFirmware_asm           cpct_firmware
     000003CA  cpct_removeInterruptHandler_asm    cpct_firmware
     000003DA  _cpct_drawTileAligned2x8           cpct_sprites
     000003F1  _cpct_drawTileAligned2x4_f         cpct_sprites
     00000416  _cpct_drawTileAligned4x8           cpct_sprites
     00000430  _cpct_mode_rom_status              cpct_firmware
     00000431  _cpct_drawTileAligned4x4_f         cpct_sprites
     00000466  _cpct_getScreenPtr                 cpct_video
     0000047C  _cpct_drawTileAligned2x8_f         cpct_sprites

ASxxxx Linker V03.00 + NoICE + sdld,  page 3.

Files Linked                              [ module(s) ]

obj/main.rel                              [ main ]
obj/sprites.rel                           [ sprites ]


Libraries Linked                          [ object file ]

/home/oscar/cpctelera/cpctelera/cpctelera.lib
                                          [ cpct_drawTileAligned4x8_f_cbindi ]
/home/oscar/cpctelera/cpctelera/tools/sdcc-3.6.8-r9946/bin/../share/sdcc/lib/z80/z80.lib
                                          [ divunsigned.rel ]
/home/oscar/cpctelera/cpctelera/cpctelera.lib
                                          [ cpct_setVideoMode_cbindings.rel ]
/home/oscar/cpctelera/cpctelera/cpctelera.lib
                                          [ cpct_memset_cbinding.rel ]
/home/oscar/cpctelera/cpctelera/cpctelera.lib
                                          [ cpct_removeInterruptHandler.rel ]
/home/oscar/cpctelera/cpctelera/cpctelera.lib
                                          [ cpct_drawTileAligned2x8_cbinding ]
/home/oscar/cpctelera/cpctelera/cpctelera.lib
                                          [ cpct_drawTileAligned2x4_f_cbindi ]
/home/oscar/cpctelera/cpctelera/cpctelera.lib
                                          [ cpct_drawTileAligned4x8_cbinding ]
/home/oscar/cpctelera/cpctelera/cpctelera.lib
                                          [ cpc_mode_rom_status.rel ]
/home/oscar/cpctelera/cpctelera/cpctelera.lib
                                          [ cpct_drawTileAligned4x4_f_cbindi ]
/home/oscar/cpctelera/cpctelera/cpctelera.lib
                                          [ cpct_getScreenPtr_cbindings.rel ]
/home/oscar/cpctelera/cpctelera/cpctelera.lib
                                          [ cpct_drawTileAligned2x8_f_cbindi ]

ASxxxx Linker V03.00 + NoICE + sdld,  page 4.

User Base Address Definitions

_CODE = 0x0100
_DATA = 0x0000

