ASxxxx Linker V03.00 + NoICE + sdld,  page 1.
Hexadecimal  [32-Bits]

Area                                    Addr        Size        Decimal Bytes (Attributes)
--------------------------------        ----        ----        ------- ----- ------------
.  .ABS.                            00000000    00000000 =           0. bytes (ABS,CON)

      Value  Global                              Global Defined In Module
      -----  --------------------------------   ------------------------
     00000000  .__.ABS.                           cpct_video
     00000000  l__CABS                         
     00000000  l__DABS                         
     00000000  l__DATA                         
     00000000  l__GSFINAL                      
     00000000  l__GSINIT                       
     00000000  l__HOME                         
     00000000  l__INITIALIZED                  
     00000000  l__INITIALIZER                  
     00000000  s__CABS                         
     00000000  s__DABS                         
     00000100  s__CODE                         
     00003E46  l__CODE                         
     00003F46  s__DATA                         
     00003F46  s__GSFINAL                      
     00003F46  s__GSINIT                       
     00003F46  s__HOME                         
     00003F46  s__INITIALIZED                  
     00003F46  s__INITIALIZER                  

ASxxxx Linker V03.00 + NoICE + sdld,  page 2.
Hexadecimal  [32-Bits]

Area                                    Addr        Size        Decimal Bytes (Attributes)
--------------------------------        ----        ----        ------- ----- ------------
_CODE                               00000100    00003E46 =       15942. bytes (REL,CON)

      Value  Global                              Global Defined In Module
      -----  --------------------------------   ------------------------
     00000100  _drawBanner                        main
     0000014B  _drawLogo                          main
     00000180  _main                              main
     000001E4  _G_banner_palette                  sprites
     000001F4  _G_logo_palette                    sprites
     000001F8  _G_CPCt_right                      sprites
     000010F8  _G_CPCt_left                       sprites
     00001FF8  _G_CPCt_logo                       sprites
     00003DD0  _cpct_setPalette                   cpct_video
     00003DE7  _cpct_setPALColour                 cpct_video
     00003DF3  _cpct_drawSprite                   cpct_sprites
     00003E98  _cpct_fw2hw                        cpct_video
     00003EAB  _cpct_memset_f64                   cpct_memutils
     00003EF6  cpct_firmware2hw_colour            
     00003F11  _cpct_setVideoMode                 cpct_video
     00003F1F  _cpct_disableFirmware              cpct_firmware
     00003F1F  _cpct_removeInterruptHandler       cpct_firmware
     00003F1F  cpct_disableFirmware_asm           cpct_firmware
     00003F1F  cpct_removeInterruptHandler_asm    cpct_firmware
     00003F2F  _cpct_mode_rom_status              cpct_firmware
     00003F30  _cpct_getScreenPtr                 cpct_video
ASxxxx Linker V03.00 + NoICE + sdld,  page 3.

Files Linked                              [ module(s) ]

obj/main.rel                              [ main ]
obj/sprites.rel                           [ sprites ]


Libraries Linked                          [ object file ]

/home/oscar/cpctelera/cpctelera/cpctelera.lib
                                          [ cpct_setPalette_cbindings.rel ]
/home/oscar/cpctelera/cpctelera/cpctelera.lib
                                          [ cpct_setPALColour_cbindings.rel ]
/home/oscar/cpctelera/cpctelera/cpctelera.lib
                                          [ cpct_drawSprite_cbindings.rel ]
/home/oscar/cpctelera/cpctelera/cpctelera.lib
                                          [ cpct_fw2hw_cbindings.rel ]
/home/oscar/cpctelera/cpctelera/cpctelera.lib
                                          [ cpct_memset_f64_cbinding.rel ]
/home/oscar/cpctelera/cpctelera/cpctelera.lib
                                          [ cpct_firmware2hw_colour_table.re ]
/home/oscar/cpctelera/cpctelera/cpctelera.lib
                                          [ cpct_setVideoMode_cbindings.rel ]
/home/oscar/cpctelera/cpctelera/cpctelera.lib
                                          [ cpct_removeInterruptHandler.rel ]
/home/oscar/cpctelera/cpctelera/cpctelera.lib
                                          [ cpc_mode_rom_status.rel ]
/home/oscar/cpctelera/cpctelera/cpctelera.lib
                                          [ cpct_getScreenPtr_cbindings.rel ]

ASxxxx Linker V03.00 + NoICE + sdld,  page 4.

User Base Address Definitions

_CODE = 0x0100
_DATA = 0x0000

