ASxxxx Linker V03.00 + NoICE + sdld,  page 1.
Hexadecimal  [32-Bits]

Area                                    Addr        Size        Decimal Bytes (Attributes)
--------------------------------        ----        ----        ------- ----- ------------
.  .ABS.                            00000000    00000000 =           0. bytes (ABS,CON)

      Value  Global                              Global Defined In Module
      -----  --------------------------------   ------------------------
     00000000  .__.ABS.                           cpct_strings
     00000000  l__CABS                         
     00000000  l__DABS                         
     00000000  l__DATA                         
     00000000  l__GSFINAL                      
     00000000  l__GSINIT                       
     00000000  l__HOME                         
     00000000  l__INITIALIZED                  
     00000000  l__INITIALIZER                  
     00000000  s__CABS                         
     00000000  s__DABS                         
     00002A7F  l__CODE                         
     00004000  s__CODE                         
     00006A7F  s__DATA                         
     00006A7F  s__GSFINAL                      
     00006A7F  s__GSINIT                       
     00006A7F  s__HOME                         
     00006A7F  s__INITIALIZED                  
     00006A7F  s__INITIALIZER                  

ASxxxx Linker V03.00 + NoICE + sdld,  page 2.
Hexadecimal  [32-Bits]

Area                                    Addr        Size        Decimal Bytes (Attributes)
--------------------------------        ----        ----        ------- ----- ------------
_CODE                               00004000    00002A7F =       10879. bytes (REL,CON)

      Value  Global                              Global Defined In Module
      -----  --------------------------------   ------------------------
     00004000  _g_banner_0                        banner
     00004820  _g_banner_1                        banner
     00005040  _g_runner_0                        runner
     000053EC  _g_runner_1                        runner
     00005798  _g_runner_2                        runner
     00005B44  _g_runner_3                        runner
     00005EF0  _g_runner_4                        runner
     0000629C  _g_runner_5                        runner
     00006648  _initialize                        main
     0000669F  _g_animation                       main
     000066C2  _main                              main
     0000679E  _cpct_scanKeyboard_f               cpct_keyboard
     0000679E  cpct_scanKeyboard_f_asm            cpct_keyboard
     00006808  _cpct_setPALColour                 cpct_video
     00006814  _cpct_drawStringM2                 cpct_strings
     00006843  _cpct_drawSprite                   cpct_sprites
     000068E8  cpct_drawCharM2_inner_asm          cpct_strings
     000068F7  cpct_charm2imc                     cpct_strings
     0000690E  _cpct_keyboardStatusBuffer         cpct_keyboard
     00006918  _cpct_isAnyKeyPressed              cpct_keyboard
     00006918  cpct_isAnyKeyPressed_asm           cpct_keyboard
     00006925  _cpct_waitVSYNC                    cpct_video
     00006925  cpct_waitVSYNC_asm                 cpct_video
     0000692D  _cpct_setVideoMode                 cpct_video
     0000693B  _cpct_hflipSpriteM2                cpct_sprites
     00006991  _cpct_disableFirmware              cpct_firmware
     00006991  _cpct_removeInterruptHandler       cpct_firmware
     00006991  cpct_disableFirmware_asm           cpct_firmware
     00006991  cpct_removeInterruptHandler_asm    cpct_firmware
     000069A1  _cpct_drawSolidBox                 cpct_sprites
     00006A48  _cpct_mode_rom_status              cpct_firmware
     00006A49  _cpct_getScreenPtr                 cpct_video
     00006A5F  _cpct_setDrawCharM2                cpct_strings
ASxxxx Linker V03.00 + NoICE + sdld,  page 3.

Files Linked                              [ module(s) ]

obj/banner.rel                            [ banner ]
obj/runner.rel                            [ runner ]
obj/main.rel                              [ main ]


Libraries Linked                          [ object file ]

/home/oscar/cpctelera/cpctelera/cpctelera.lib
                                          [ cpct_scanKeyboard_f.rel ]
/home/oscar/cpctelera/cpctelera/cpctelera.lib
                                          [ cpct_setPALColour_cbindings.rel ]
/home/oscar/cpctelera/cpctelera/cpctelera.lib
                                          [ cpct_drawStringM2_cbindings.rel ]
/home/oscar/cpctelera/cpctelera/cpctelera.lib
                                          [ cpct_drawSprite_cbindings.rel ]
/home/oscar/cpctelera/cpctelera/cpctelera.lib
                                          [ cpct_drawCharM2_inner.rel ]
/home/oscar/cpctelera/cpctelera/cpctelera.lib
                                          [ keyboard.rel ]
/home/oscar/cpctelera/cpctelera/cpctelera.lib
                                          [ cpct_isAnyKeyPressed.rel ]
/home/oscar/cpctelera/cpctelera/cpctelera.lib
                                          [ cpct_waitVSYNC.rel ]
/home/oscar/cpctelera/cpctelera/cpctelera.lib
                                          [ cpct_setVideoMode_cbindings.rel ]
/home/oscar/cpctelera/cpctelera/cpctelera.lib
                                          [ cpct_hflipSpriteM2_cbindings.rel ]
/home/oscar/cpctelera/cpctelera/cpctelera.lib
                                          [ cpct_removeInterruptHandler.rel ]
/home/oscar/cpctelera/cpctelera/cpctelera.lib
                                          [ cpct_drawSolidBox_cbindings.rel ]
/home/oscar/cpctelera/cpctelera/cpctelera.lib
                                          [ cpc_mode_rom_status.rel ]
/home/oscar/cpctelera/cpctelera/cpctelera.lib
                                          [ cpct_getScreenPtr_cbindings.rel ]
/home/oscar/cpctelera/cpctelera/cpctelera.lib
                                          [ cpct_setDrawCharM2_cbindings.rel ]

ASxxxx Linker V03.00 + NoICE + sdld,  page 4.

User Base Address Definitions

_CODE = 0x4000
_DATA = 0x0000

