ASxxxx Linker V03.00 + NoICE + sdld,  page 1.
Hexadecimal  [32-Bits]

Area                                    Addr        Size        Decimal Bytes (Attributes)
--------------------------------        ----        ----        ------- ----- ------------
.  .ABS.                            00000000    00000000 =           0. bytes (ABS,CON)

      Value  Global                              Global Defined In Module
      -----  --------------------------------   ------------------------
     00000000  .__.ABS.                           
     00000000  l__CABS                         
     00000000  l__DABS                         
     00000000  l__DATA                         
     00000000  l__GSFINAL                      
     00000000  l__GSINIT                       
     00000000  l__HOME                         
     00000000  l__INITIALIZED                  
     00000000  l__INITIALIZER                  
     00000000  s__CABS                         
     00000000  s__DABS                         
     0000031E  l__CODE                         
     00004000  s__CODE                         
     0000431E  s__DATA                         
     0000431E  s__GSFINAL                      
     0000431E  s__GSINIT                       
     0000431E  s__HOME                         
     0000431E  s__INITIALIZED                  
     0000431E  s__INITIALIZER                  

ASxxxx Linker V03.00 + NoICE + sdld,  page 2.
Hexadecimal  [32-Bits]

Area                                    Addr        Size        Decimal Bytes (Attributes)
--------------------------------        ----        ----        ------- ----- ------------
_CODE                               00004000    0000031E =         798. bytes (REL,CON)

      Value  Global                              Global Defined In Module
      -----  --------------------------------   ------------------------
     00004000  _wait_n_VSYNCs                     main
     00004016  _scrollLine                        main
     00004049  _main                              main
     00004174  _cpct_scanKeyboard_f               cpct_keyboard
     00004174  cpct_scanKeyboard_f_asm            cpct_keyboard
     000041DE  _cpct_drawStringM1                 cpct_strings
     0000420E  cpct_drawCharM1_inner_asm          cpct_strings
     0000424E  cpct_char2pxM1                     cpct_strings
     0000425E  _cpct_drawCharM1                   cpct_strings
     00004281  _cpct_keyboardStatusBuffer         cpct_keyboard
     0000428B  _cpct_waitVSYNC                    cpct_video
     0000428B  cpct_waitVSYNC_asm                 cpct_video
     00004293  _cpct_isAnyKeyPressed_f            cpct_keyboard
     00004293  cpct_isAnyKeyPressed_f_asm         cpct_keyboard
     000042AE  _cpct_memcpy                       cpct_memutils
     000042B6  _strlen                            
     000042C5  _cpct_mode_rom_status              cpct_firmware
     000042C6  _cpct_setDrawCharM1                cpct_strings
     0000431A  dc_mode1_ct                        

ASxxxx Linker V03.00 + NoICE + sdld,  page 3.

Files Linked                              [ module(s) ]

obj/main.rel                              [ main ]


Libraries Linked                          [ object file ]

/home/oscar/cpctelera/cpctelera/cpctelera.lib
                                          [ cpct_scanKeyboard_f.rel ]
/home/oscar/cpctelera/cpctelera/cpctelera.lib
                                          [ cpct_drawStringM1_cbindings.rel ]
/home/oscar/cpctelera/cpctelera/cpctelera.lib
                                          [ cpct_drawCharM1_inner.rel ]
/home/oscar/cpctelera/cpctelera/cpctelera.lib
                                          [ cpct_drawCharM1_cbindings.rel ]
/home/oscar/cpctelera/cpctelera/cpctelera.lib
                                          [ keyboard.rel ]
/home/oscar/cpctelera/cpctelera/cpctelera.lib
                                          [ cpct_waitVSYNC.rel ]
/home/oscar/cpctelera/cpctelera/cpctelera.lib
                                          [ cpct_isAnyKeyPressed_f.rel ]
/home/oscar/cpctelera/cpctelera/cpctelera.lib
                                          [ cpct_memcpy_cbindings.rel ]
/home/oscar/cpctelera/cpctelera/tools/sdcc-3.6.8-r9946/bin/../share/sdcc/lib/z80/z80.lib
                                          [ strlen.rel ]
/home/oscar/cpctelera/cpctelera/cpctelera.lib
                                          [ cpc_mode_rom_status.rel ]
/home/oscar/cpctelera/cpctelera/cpctelera.lib
                                          [ cpct_setDrawCharM1_cbindings.rel ]
/home/oscar/cpctelera/cpctelera/cpctelera.lib
                                          [ cpct_dc_mode1_ct.rel ]

ASxxxx Linker V03.00 + NoICE + sdld,  page 4.

User Base Address Definitions

_CODE = 0x4000
_DATA = 0x0000

