ASxxxx Linker V03.00 + NoICE + sdld,  page 1.
Hexadecimal  [32-Bits]

Area                                    Addr        Size        Decimal Bytes (Attributes)
--------------------------------        ----        ----        ------- ----- ------------
.  .ABS.                            00000000    00000000 =           0. bytes (ABS,CON)

      Value  Global                              Global Defined In Module
      -----  --------------------------------   ------------------------
     00000000  .__.ABS.                           cpct_video
     00000000  l__CABS                         
     00000000  l__DABS                         
     00000000  l__GSFINAL                      
     00000000  l__HOME                         
     00000000  l__INITIALIZED                  
     00000000  l__INITIALIZER                  
     00000000  s__CABS                         
     00000000  s__DABS                         
     00000002  l__DATA                         
     00000010  l__GSINIT                       
     00000040  s__CODE                         
     00003629  l__CODE                         
     00003669  s__DATA                         
     0000366B  s__GSINIT                       
     0000366B  s__HOME                         
     0000366B  s__INITIALIZED                  
     0000367B  s__GSFINAL                      
     0000367B  s__INITIALIZER                  

ASxxxx Linker V03.00 + NoICE + sdld,  page 2.
Hexadecimal  [32-Bits]

Area                                    Addr        Size        Decimal Bytes (Attributes)
--------------------------------        ----        ----        ------- ----- ------------
_CODE                               00000040    00003629 =       13865. bytes (REL,CON)

      Value  Global                              Global Defined In Module
      -----  --------------------------------   ------------------------
     00000040  _changeVideoMemoryPage             main
     00000070  _main                              main
     00000143  _G_palette                         sprites
     00000153  _G_BR                              sprites
     0000171F  _G_CPCt_right                      sprites
     0000261F  _G_CPCt_left                       sprites
     0000351F  _cpct_setPalette                   cpct_video
     00003536  _cpct_setPALColour                 cpct_video
     00003542  _cpct_drawSprite                   cpct_sprites
     000035E7  _cpct_fw2hw                        cpct_video
     000035FA  _cpct_setVideoMemoryPage           cpct_video
     000035FA  cpct_setVideoMemoryPage_asm        cpct_video
     00003603  cpct_firmware2hw_colour            
     0000361E  _cpct_waitVSYNC                    cpct_video
     0000361E  cpct_waitVSYNC_asm                 cpct_video
     00003626  _cpct_setVideoMode                 cpct_video
     00003634  _cpct_memset                       cpct_memutils
     00003642  _cpct_disableFirmware              cpct_firmware
     00003642  _cpct_removeInterruptHandler       cpct_firmware
     00003642  cpct_disableFirmware_asm           cpct_firmware
     00003642  cpct_removeInterruptHandler_asm    cpct_firmware
     00003652  _cpct_mode_rom_status              cpct_firmware
     00003653  _cpct_getScreenPtr                 cpct_video

ASxxxx Linker V03.00 + NoICE + sdld,  page 3.
Hexadecimal  [32-Bits]

Area                                    Addr        Size        Decimal Bytes (Attributes)
--------------------------------        ----        ----        ------- ----- ------------
_DATA                               00003669    00000002 =           2. bytes (REL,CON)

      Value  Global                              Global Defined In Module
      -----  --------------------------------   ------------------------
ASxxxx Linker V03.00 + NoICE + sdld,  page 4.
Hexadecimal  [32-Bits]

Area                                    Addr        Size        Decimal Bytes (Attributes)
--------------------------------        ----        ----        ------- ----- ------------
_GSINIT                             0000366B    00000010 =          16. bytes (REL,CON)

      Value  Global                              Global Defined In Module
      -----  --------------------------------   ------------------------
ASxxxx Linker V03.00 + NoICE + sdld,  page 5.

Files Linked                              [ module(s) ]

obj/main.rel                              [ main ]
obj/sprites.rel                           [ sprites ]


Libraries Linked                          [ object file ]

/home/oscar/cpctelera/cpctelera/cpctelera.lib
                                          [ cpct_setPalette_cbindings.rel ]
/home/oscar/cpctelera/cpctelera/cpctelera.lib
                                          [ cpct_setPALColour_cbindings.rel ]
/home/oscar/cpctelera/cpctelera/cpctelera.lib
                                          [ cpct_drawSprite_cbindings.rel ]
/home/oscar/cpctelera/cpctelera/cpctelera.lib
                                          [ cpct_fw2hw_cbindings.rel ]
/home/oscar/cpctelera/cpctelera/cpctelera.lib
                                          [ cpct_setVideoMemoryPage.rel ]
/home/oscar/cpctelera/cpctelera/cpctelera.lib
                                          [ cpct_firmware2hw_colour_table.re ]
/home/oscar/cpctelera/cpctelera/cpctelera.lib
                                          [ cpct_waitVSYNC.rel ]
/home/oscar/cpctelera/cpctelera/cpctelera.lib
                                          [ cpct_setVideoMode_cbindings.rel ]
/home/oscar/cpctelera/cpctelera/cpctelera.lib
                                          [ cpct_memset_cbinding.rel ]
/home/oscar/cpctelera/cpctelera/cpctelera.lib
                                          [ cpct_removeInterruptHandler.rel ]
/home/oscar/cpctelera/cpctelera/cpctelera.lib
                                          [ cpc_mode_rom_status.rel ]
/home/oscar/cpctelera/cpctelera/cpctelera.lib
                                          [ cpct_getScreenPtr_cbindings.rel ]

ASxxxx Linker V03.00 + NoICE + sdld,  page 6.

User Base Address Definitions

_CODE = 0x0040
_DATA = 0x0000

