ASxxxx Linker V03.00 + NoICE + sdld,  page 1.
Hexadecimal  [32-Bits]

Area                                    Addr        Size        Decimal Bytes (Attributes)
--------------------------------        ----        ----        ------- ----- ------------
.  .ABS.                            00000000    00000000 =           0. bytes (ABS,CON)

      Value  Global                              Global Defined In Module
      -----  --------------------------------   ------------------------
     00000000  .__.ABS.                           cpct_strings
     00000000  l__CABS                         
     00000000  l__DABS                         
     00000000  l__DATA                         
     00000000  l__GSFINAL                      
     00000000  l__GSINIT                       
     00000000  l__HOME                         
     00000000  l__INITIALIZED                  
     00000000  l__INITIALIZER                  
     00000000  s__CABS                         
     00000000  s__DABS                         
     000001EE  l__CODE                         
     00004000  s__CODE                         
     000041EE  s__DATA                         
     000041EE  s__GSFINAL                      
     000041EE  s__GSINIT                       
     000041EE  s__HOME                         
     000041EE  s__INITIALIZED                  
     000041EE  s__INITIALIZER                  

ASxxxx Linker V03.00 + NoICE + sdld,  page 2.
Hexadecimal  [32-Bits]

Area                                    Addr        Size        Decimal Bytes (Attributes)
--------------------------------        ----        ----        ------- ----- ------------
_CODE                               00004000    000001EE =         494. bytes (REL,CON)

      Value  Global                              Global Defined In Module
      -----  --------------------------------   ------------------------
     00004000  _initialize_cpc                    main
     00004010  _main                              main
     0000402A  _cpct_scanKeyboard_f               cpct_keyboard
     0000402A  cpct_scanKeyboard_f_asm            cpct_keyboard
     00004094  _cpct_drawCharM0                   cpct_strings
     000040B7  _cpct_keyboardStatusBuffer         cpct_keyboard
     000040C1  _cpct_getKeypressedAsASCII         cpct_keyboard
     000040CF  _cpct_keyID_to_ASCII_table         cpct_keyboard
     00004136  _cpct_setVideoMode                 cpct_video
     00004144  _cpct_disableFirmware              cpct_firmware
     00004144  _cpct_removeInterruptHandler       cpct_firmware
     00004144  cpct_disableFirmware_asm           cpct_firmware
     00004144  cpct_removeInterruptHandler_asm    cpct_firmware
     00004154  _cpct_mode_rom_status              cpct_firmware
     00004155  _cpct_setDrawCharM0                cpct_strings
     0000417A  cpct_drawCharM0_inner_asm          cpct_strings
     000041DA  dc_2pxtableM0                      cpct_strings
     000041DE  dc_mode0_ct                        cpct_strings
ASxxxx Linker V03.00 + NoICE + sdld,  page 3.

Files Linked                              [ module(s) ]

obj/main.rel                              [ main ]


Libraries Linked                          [ object file ]

/home/oscar/cpctelera/cpctelera/cpctelera.lib
                                          [ cpct_scanKeyboard_f.rel ]
/home/oscar/cpctelera/cpctelera/cpctelera.lib
                                          [ cpct_drawCharM0_cbindings.rel ]
/home/oscar/cpctelera/cpctelera/cpctelera.lib
                                          [ keyboard.rel ]
/home/oscar/cpctelera/cpctelera/cpctelera.lib
                                          [ cpct_getKeypressedAsASCII_cbindi ]
/home/oscar/cpctelera/cpctelera/cpctelera.lib
                                          [ cpct_setVideoMode_cbindings.rel ]
/home/oscar/cpctelera/cpctelera/cpctelera.lib
                                          [ cpct_removeInterruptHandler.rel ]
/home/oscar/cpctelera/cpctelera/cpctelera.lib
                                          [ cpc_mode_rom_status.rel ]
/home/oscar/cpctelera/cpctelera/cpctelera.lib
                                          [ cpct_setDrawCharM0_cbindings.rel ]
/home/oscar/cpctelera/cpctelera/cpctelera.lib
                                          [ cpct_drawCharM0_inner.rel ]
/home/oscar/cpctelera/cpctelera/cpctelera.lib
                                          [ cpct_dc_mode0_ct.rel ]

ASxxxx Linker V03.00 + NoICE + sdld,  page 4.

User Base Address Definitions

_CODE = 0x4000
_DATA = 0x0000

