ASxxxx Linker V03.00/V05.40 + sdld,  page 1.
Hexadecimal  [32-Bits]

Area                                    Addr        Size        Decimal Bytes (Attributes)
--------------------------------        ----        ----        ------- ----- ------------
.  .ABS.                            00000000    00000000 =           0. bytes (ABS,CON)

      Value  Global                              Global Defined In Module
      -----  --------------------------------   ------------------------
     00000000  .__.ABS.                           cpct_strings
     00000000  l__CABS                         
     00000000  l__DABS                         
     00000000  l__DATA                         
     00000000  l__GSFINAL                      
     00000000  l__GSINIT                       
     00000000  l__HOME                         
     00000000  l__INITIALIZED                  
     00000000  l__INITIALIZER                  
     00000000  s__CABS                         
     00000000  s__DABS                         
     000000CC  l__CODE                         
     00004000  s__CODE                         
     000040CC  s__DATA                         
     000040CC  s__GSFINAL                      
     000040CC  s__GSINIT                       
     000040CC  s__HOME                         
     000040CC  s__INITIALIZED                  
     000040CC  s__INITIALIZER                  

ASxxxx Linker V03.00/V05.40 + sdld,  page 2.
Hexadecimal  [32-Bits]

Area                                    Addr        Size        Decimal Bytes (Attributes)
--------------------------------        ----        ----        ------- ----- ------------
_CODE                               00004000    000000CC =         204. bytes (REL,CON)

      Value  Global                              Global Defined In Module
      -----  --------------------------------   ------------------------
     00004000  _initialize_cpc                    main
     0000400F  _main                              main
     00004014  _cpct_setVideoMode                 cpct_video
     00004022  _cpct_disableFirmware              cpct_firmware
     00004022  _cpct_removeInterruptHandler       cpct_firmware
     00004022  cpct_disableFirmware_asm           cpct_firmware
     00004022  cpct_removeInterruptHandler_asm    cpct_firmware
     00004032  _cpct_mode_rom_status              cpct_firmware
     00004033  _cpct_setDrawCharM0                cpct_strings
     00004058  cpct_drawCharM0_inner_asm          cpct_strings
     000040B8  dc_2pxtableM0                      cpct_strings
     000040BC  dc_mode0_ct                        cpct_strings
ASxxxx Linker V03.00/V05.40 + sdld,  page 3.

Files Linked                              [ module(s) ]

obj/main.rel                              [ main ]


Libraries Linked                          [ object file ]

/home/oscar/cpctelera/cpctelera/cpctelera.lib
                                          [ cpct_setVideoMode_cbindings.rel ]
/home/oscar/cpctelera/cpctelera/cpctelera.lib
                                          [ cpct_removeInterruptHandler.rel ]
/home/oscar/cpctelera/cpctelera/cpctelera.lib
                                          [ cpc_mode_rom_status.rel ]
/home/oscar/cpctelera/cpctelera/cpctelera.lib
                                          [ cpct_setDrawCharM0_cbindings.rel ]
/home/oscar/cpctelera/cpctelera/cpctelera.lib
                                          [ cpct_drawCharM0_inner.rel ]
/home/oscar/cpctelera/cpctelera/cpctelera.lib
                                          [ cpct_dc_mode0_ct.rel ]

ASxxxx Linker V03.00/V05.40 + sdld,  page 4.

User Base Address Definitions

_CODE = 0x4000
_DATA = 0x0000

