ASxxxx Linker V03.00 + NoICE + sdld,  page 1.
Hexadecimal  [32-Bits]

Area                                    Addr        Size        Decimal Bytes (Attributes)
--------------------------------        ----        ----        ------- ----- ------------
.  .ABS.                            00000000    00000000 =           0. bytes (ABS,CON)

      Value  Global                              Global Defined In Module
      -----  --------------------------------   ------------------------
     00000000  .__.ABS.                           cpct_video
     00000000  l__CABS                         
     00000000  l__DABS                         
     00000000  l__DATA                         
     00000000  l__GSFINAL                      
     00000000  l__GSINIT                       
     00000000  l__HOME                         
     00000000  l__INITIALIZED                  
     00000000  l__INITIALIZER                  
     00000000  s__CABS                         
     00000000  s__DABS                         
     00000040  s__CODE                         
     00001F21  l__CODE                         
     00001F61  s__DATA                         
     00001F61  s__GSFINAL                      
     00001F61  s__GSINIT                       
     00001F61  s__HOME                         
     00001F61  s__INITIALIZED                  
     00001F61  s__INITIALIZER                  

ASxxxx Linker V03.00 + NoICE + sdld,  page 2.
Hexadecimal  [32-Bits]

Area                                    Addr        Size        Decimal Bytes (Attributes)
--------------------------------        ----        ----        ------- ----- ------------
_CODE                               00000040    00001F21 =        7969. bytes (REL,CON)

      Value  Global                              Global Defined In Module
      -----  --------------------------------   ------------------------
     00000040  _main                              main
     00000174  _setPALColourRGBLimited            palette
     0000020E  _G_rgb_palette                     palette
     00000241  _G_rgb2hw                          palette
     0000025C  _fade_in                           palette
     00000316  _fade_out                          palette
     000003CC  _setBlackPalette                   palette
     000003E6  _G_Goku                            sprites
     000007BA  _G_Vegeta                          sprites
     000012FA  _G_No13                            sprites
     00001E3A  _wait_frames                       utils
     00001E65  _cpct_setPALColour                 cpct_video
     00001E71  _cpct_drawSprite                   cpct_sprites
     00001F16  _cpct_waitVSYNC                    cpct_video
     00001F16  cpct_waitVSYNC_asm                 cpct_video
     00001F1E  _cpct_setVideoMode                 cpct_video
     00001F2C  _cpct_memset                       cpct_memutils
     00001F3A  _cpct_disableFirmware              cpct_firmware
     00001F3A  _cpct_removeInterruptHandler       cpct_firmware
     00001F3A  cpct_disableFirmware_asm           cpct_firmware
     00001F3A  cpct_removeInterruptHandler_asm    cpct_firmware
     00001F4A  _cpct_mode_rom_status              cpct_firmware
     00001F4B  _cpct_getScreenPtr                 cpct_video

ASxxxx Linker V03.00 + NoICE + sdld,  page 3.

Files Linked                              [ module(s) ]

obj/main.rel                              [ main ]
obj/modules/palette.rel                   [ palette ]
obj/modules/sprites.rel                   [ sprites ]
obj/modules/utils.rel                     [ utils ]


Libraries Linked                          [ object file ]

/home/oscar/cpctelera/cpctelera/cpctelera.lib
                                          [ cpct_setPALColour_cbindings.rel ]
/home/oscar/cpctelera/cpctelera/cpctelera.lib
                                          [ cpct_drawSprite_cbindings.rel ]
/home/oscar/cpctelera/cpctelera/cpctelera.lib
                                          [ cpct_waitVSYNC.rel ]
/home/oscar/cpctelera/cpctelera/cpctelera.lib
                                          [ cpct_setVideoMode_cbindings.rel ]
/home/oscar/cpctelera/cpctelera/cpctelera.lib
                                          [ cpct_memset_cbinding.rel ]
/home/oscar/cpctelera/cpctelera/cpctelera.lib
                                          [ cpct_removeInterruptHandler.rel ]
/home/oscar/cpctelera/cpctelera/cpctelera.lib
                                          [ cpc_mode_rom_status.rel ]
/home/oscar/cpctelera/cpctelera/cpctelera.lib
                                          [ cpct_getScreenPtr_cbindings.rel ]

ASxxxx Linker V03.00 + NoICE + sdld,  page 4.

User Base Address Definitions

_CODE = 0x0040
_DATA = 0x0000

