ASxxxx Linker V03.00 + NoICE + sdld,  page 1.
Hexadecimal  [32-Bits]

Area                                    Addr        Size        Decimal Bytes (Attributes)
--------------------------------        ----        ----        ------- ----- ------------
.  .ABS.                            00000000    00000000 =           0. bytes (ABS,CON)

      Value  Global                              Global Defined In Module
      -----  --------------------------------   ------------------------
     00000000  .__.ABS.                           cpct_sprites
     00000000  l__CABS                         
     00000000  l__DABS                         
     00000000  l__DATA                         
     00000000  l__GSFINAL                      
     00000000  l__GSINIT                       
     00000000  l__HOME                         
     00000000  l__INITIALIZED                  
     00000000  l__INITIALIZER                  
     00000000  l__g_masktable_                 
     00000000  s__CABS                         
     00000000  s__DABS                         
     00000000  s__g_masktable_                 
     00000000  s__g_masktable_0                
     00000100  l__g_masktable_0                
     000001C1  l__CSEG                         
     00000200  s__CODE                         
     00000AFD  l__CODE                         
     00000CFD  s__CSEG                         
     00000CFD  s__DATA                         
     00000CFD  s__GSFINAL                      
     00000CFD  s__GSINIT                       
     00000CFD  s__HOME                         
     00000CFD  s__INITIALIZED                  
     00000CFD  s__INITIALIZER                  

ASxxxx Linker V03.00 + NoICE + sdld,  page 2.
Hexadecimal  [32-Bits]

Area                                    Addr        Size        Decimal Bytes (Attributes)
--------------------------------        ----        ----        ------- ----- ------------
_CODE                               00000200    00000AFD =        2813. bytes (REL,CON)

      Value  Global                              Global Defined In Module
      -----  --------------------------------   ------------------------
     00000200  _g_background                      map
     000009D0  _g_tileset                         tiles
     00000A02  _g_tiles_00                        tiles
     00000A0A  _g_tiles_01                        tiles
     00000A12  _g_tiles_02                        tiles
     00000A1A  _g_tiles_03                        tiles
     00000A22  _g_tiles_04                        tiles
     00000A2A  _g_tiles_05                        tiles
     00000A32  _g_tiles_06                        tiles
     00000A3A  _g_tiles_07                        tiles
     00000A42  _g_tiles_08                        tiles
     00000A4A  _g_tiles_09                        tiles
     00000A52  _g_tiles_10                        tiles
     00000A5A  _g_tiles_11                        tiles
     00000A62  _g_tiles_12                        tiles
     00000A6A  _g_tiles_13                        tiles
     00000A72  _g_tiles_14                        tiles
     00000A7A  _g_tiles_15                        tiles
     00000A82  _g_tiles_16                        tiles
     00000A8A  _g_tiles_17                        tiles
     00000A92  _g_tiles_18                        tiles
     00000A9A  _g_tiles_19                        tiles
     00000AA2  _g_tiles_20                        tiles
     00000AAA  _g_tiles_21                        tiles
     00000AB2  _g_tiles_22                        tiles
     00000ABA  _g_tiles_23                        tiles
     00000AC2  _g_tiles_24                        tiles
     00000ACA  _g_palette                         alien
     00000AD1  _g_alien                           alien
     00000B61  _cpct_setPalette                   cpct_video
     00000B61  _dummy_cpct_transparentMaskTable   main
     00000B78  _cpct_setPALColour                 cpct_video
     00000B84  _cpct_etm_drawTileBox2x4           cpct_easytilemaps
     00000C13  _cpct_etm_setTileset2x4            cpct_easytilemaps
     00000C13  cpct_etm_setTileset2x4_asm         cpct_easytilemaps
     00000C17  _cpct_etm_drawTileRow2x4           cpct_easytilemaps
     00000C1E  cpct_etm_drawTileRow2x4_asm        cpct_easytilemaps
     00000C20  dtr_restore_ptileset               cpct_easytilemaps
     00000C38  _cpct_etm_drawTilemap2x4_f         cpct_easytilemaps
     00000C64  _cpct_waitVSYNC                    cpct_video
     00000C64  cpct_waitVSYNC_asm                 cpct_video
     00000C6C  _cpct_setVideoMode                 cpct_video
     00000C7A  _cpct_disableFirmware              cpct_firmware
     00000C7A  _cpct_removeInterruptHandler       cpct_firmware
     00000C7A  cpct_disableFirmware_asm           cpct_firmware
     00000C7A  cpct_removeInterruptHandler_asm    cpct_firmware
     00000C8A  cpct_drawTileAligned2x4_f_asm      cpct_sprites
     00000CAB  _cpct_mode_rom_status              cpct_firmware
     00000CAC  _cpct_getScreenPtr                 cpct_video
     00000CC2  _cpct_drawSpriteMaskedAlignedTab   cpct_sprites

ASxxxx Linker V03.00 + NoICE + sdld,  page 3.
Hexadecimal  [32-Bits]

Area                                    Addr        Size        Decimal Bytes (Attributes)
--------------------------------        ----        ----        ------- ----- ------------
_g_masktable_0                      00000000    00000100 =         256. bytes (ABS,CON)

      Value  Global                              Global Defined In Module
      -----  --------------------------------   ------------------------
     00000100  _g_masktable                       main

ASxxxx Linker V03.00 + NoICE + sdld,  page 4.
Hexadecimal  [32-Bits]

Area                                    Addr        Size        Decimal Bytes (Attributes)
--------------------------------        ----        ----        ------- ----- ------------
_CSEG                               00000CFD    000001C1 =         449. bytes (REL,CON)

      Value  Global                              Global Defined In Module
      -----  --------------------------------   ------------------------
     00000CFD  _initialization                    main
     00000D2D  _waitNVSYNCs                       main
     00000D43  _main                              main
ASxxxx Linker V03.00 + NoICE + sdld,  page 5.

Files Linked                              [ module(s) ]

obj/sprites/map.rel                       [ map ]
obj/sprites/tiles.rel                     [ tiles ]
obj/sprites/alien.rel                     [ alien ]
obj/main.rel                              [ main ]


Libraries Linked                          [ object file ]

/home/oscar/cpctelera/cpctelera/cpctelera.lib
                                          [ cpct_setPalette_cbindings.rel ]
/home/oscar/cpctelera/cpctelera/cpctelera.lib
                                          [ cpct_setPALColour_cbindings.rel ]
/home/oscar/cpctelera/cpctelera/cpctelera.lib
                                          [ cpct_etm_drawTileBox2x4_cbinding ]
/home/oscar/cpctelera/cpctelera/cpctelera.lib
                                          [ cpct_etm_setTileset2x4.rel ]
/home/oscar/cpctelera/cpctelera/cpctelera.lib
                                          [ cpct_etm_drawTileRow2x4.rel ]
/home/oscar/cpctelera/cpctelera/cpctelera.lib
                                          [ cpct_etm_drawTilemap2x4_f_cbindi ]
/home/oscar/cpctelera/cpctelera/cpctelera.lib
                                          [ cpct_waitVSYNC.rel ]
/home/oscar/cpctelera/cpctelera/cpctelera.lib
                                          [ cpct_setVideoMode_cbindings.rel ]
/home/oscar/cpctelera/cpctelera/cpctelera.lib
                                          [ cpct_removeInterruptHandler.rel ]
/home/oscar/cpctelera/cpctelera/cpctelera.lib
                                          [ cpct_drawTileAligned2x4_f_asmbin ]
/home/oscar/cpctelera/cpctelera/cpctelera.lib
                                          [ cpc_mode_rom_status.rel ]
/home/oscar/cpctelera/cpctelera/cpctelera.lib
                                          [ cpct_getScreenPtr_cbindings.rel ]
/home/oscar/cpctelera/cpctelera/cpctelera.lib
                                          [ cpct_drawSpriteMaskedAlignedTabl ]

ASxxxx Linker V03.00 + NoICE + sdld,  page 6.

User Base Address Definitions

_CODE = 0x0200
_DATA = 0x0000

