ASxxxx Linker V03.00 + NoICE + sdld,  page 1.
Hexadecimal  [32-Bits]

Area                                    Addr        Size        Decimal Bytes (Attributes)
--------------------------------        ----        ----        ------- ----- ------------
.  .ABS.                            00000000    00000000 =           0. bytes (ABS,CON)

      Value  Global                              Global Defined In Module
      -----  --------------------------------   ------------------------
     00000000  .__.ABS.                           
     0000001D  l__DATA                         
     000000F1  l__CODE                         
     00004000  s__CODE                         
     000040F1  s__DATA                         

ASxxxx Linker V03.00 + NoICE + sdld,  page 2.
Hexadecimal  [32-Bits]

Area                                    Addr        Size        Decimal Bytes (Attributes)
--------------------------------        ----        ----        ------- ----- ------------
_CODE                               00004000    000000F1 =         241. bytes (REL,CON)

      Value  Global                              Global Defined In Module
      -----  --------------------------------   ------------------------
     00004000  _main                              
     00004017  cpct_drawStringM1_asm              cpct_strings
     0000403B  cpct_drawCharM1_inner_asm          cpct_strings
     0000407B  cpct_char2pxM1                     cpct_strings
     0000408B  _cpct_disableFirmware              cpct_firmware
     0000408B  _cpct_removeInterruptHandler       cpct_firmware
     0000408B  cpct_disableFirmware_asm           cpct_firmware
     0000408B  cpct_removeInterruptHandler_asm    cpct_firmware
     0000409B  _cpct_mode_rom_status              cpct_firmware
     0000409C  cpct_setDrawCharM1_asm             cpct_strings
     000040ED  dc_mode1_ct                        

ASxxxx Linker V03.00 + NoICE + sdld,  page 3.
Hexadecimal  [32-Bits]

Area                                    Addr        Size        Decimal Bytes (Attributes)
--------------------------------        ----        ----        ------- ----- ------------
_DATA                               000040F1    0000001D =          29. bytes (REL,CON)

      Value  Global                              Global Defined In Module
      -----  --------------------------------   ------------------------
ASxxxx Linker V03.00 + NoICE + sdld,  page 4.

Files Linked                              [ module(s) ]

obj/main.rel                              [  ]


Libraries Linked                          [ object file ]

/home/oscar/cpctelera/cpctelera/cpctelera.lib
                                          [ cpct_drawStringM1_asmbindings.re ]
/home/oscar/cpctelera/cpctelera/cpctelera.lib
                                          [ cpct_drawCharM1_inner.rel ]
/home/oscar/cpctelera/cpctelera/cpctelera.lib
                                          [ cpct_removeInterruptHandler.rel ]
/home/oscar/cpctelera/cpctelera/cpctelera.lib
                                          [ cpc_mode_rom_status.rel ]
/home/oscar/cpctelera/cpctelera/cpctelera.lib
                                          [ cpct_setDrawCharM1_asmbindings.r ]
/home/oscar/cpctelera/cpctelera/cpctelera.lib
                                          [ cpct_dc_mode1_ct.rel ]

ASxxxx Linker V03.00 + NoICE + sdld,  page 5.

User Base Address Definitions

_CODE = 0x4000
_DATA = 0x0000

