ASxxxx Linker V03.00 + NoICE + sdld,  page 1.
Hexadecimal  [32-Bits]

Area                                    Addr        Size        Decimal Bytes (Attributes)
--------------------------------        ----        ----        ------- ----- ------------
.  .ABS.                            00000000    00000000 =           0. bytes (ABS,CON)

      Value  Global                              Global Defined In Module
      -----  --------------------------------   ------------------------
     00000000  .__.ABS.                           cpct_video
     00000021  l__DATA                         
     000002D8  l__CODE                         
     00004000  s__CODE                         
     000042D8  s__DATA                         

ASxxxx Linker V03.00 + NoICE + sdld,  page 2.
Hexadecimal  [32-Bits]

Area                                    Addr        Size        Decimal Bytes (Attributes)
--------------------------------        ----        ----        ------- ----- ------------
_CODE                               00004000    000002D8 =         728. bytes (REL,CON)

      Value  Global                              Global Defined In Module
      -----  --------------------------------   ------------------------
     00004000  _main                              cpct_keyboard
     0000404D  _cpct_drawStringM1_f               cpct_strings
     00004055  cpct_drawStringM1_f_asm            cpct_strings
     0000406F  _cpct_drawCharM1_f                 cpct_strings
     0000407C  cpct_drawCharM1_f_asm              cpct_strings
     000041CC  _cpct_isAnyKeyPressed              cpct_keyboard
     000041CC  cpct_isAnyKeyPressed_asm           cpct_keyboard
     000041D9  cpct_memset_asm                    cpct_memutils
     000041E1  _cpct_disableFirmware              cpct_firmware
     000041E1  _cpct_removeInterruptHandler       cpct_firmware
     000041E1  cpct_disableFirmware_asm           cpct_firmware
     000041E1  cpct_removeInterruptHandler_asm    cpct_firmware
     000041F1  cpct_drawSolidBox_asm              cpct_sprites
     00004294  _cpct_mode_rom_status              cpct_firmware
     00004295  _cpct_scanKeyboard                 cpct_keyboard
     00004295  cpct_scanKeyboard_asm              cpct_keyboard
     000042C6  cpct_getScreenPtr_asm              cpct_video

ASxxxx Linker V03.00 + NoICE + sdld,  page 3.
Hexadecimal  [32-Bits]

Area                                    Addr        Size        Decimal Bytes (Attributes)
--------------------------------        ----        ----        ------- ----- ------------
_DATA                               000042D8    00000021 =          33. bytes (REL,CON)

      Value  Global                              Global Defined In Module
      -----  --------------------------------   ------------------------
     000042D8  _cpct_keyboardStatusBuffer         cpct_keyboard

ASxxxx Linker V03.00 + NoICE + sdld,  page 4.

Files Linked                              [ module(s) ]

obj/main.rel                              [ cpct_keyboard ]


Libraries Linked                          [ object file ]

/home/oscar/cpctelera/cpctelera/cpctelera.lib
                                          [ cpct_drawStringM1_f.rel ]
/home/oscar/cpctelera/cpctelera/cpctelera.lib
                                          [ cpct_drawCharM1_f.rel ]
/home/oscar/cpctelera/cpctelera/cpctelera.lib
                                          [ cpct_isAnyKeyPressed.rel ]
/home/oscar/cpctelera/cpctelera/cpctelera.lib
                                          [ cpct_memset_asmbinding.rel ]
/home/oscar/cpctelera/cpctelera/cpctelera.lib
                                          [ cpct_removeInterruptHandler.rel ]
/home/oscar/cpctelera/cpctelera/cpctelera.lib
                                          [ cpct_drawSolidBox_asmbindings.re ]
/home/oscar/cpctelera/cpctelera/cpctelera.lib
                                          [ cpc_mode_rom_status.rel ]
/home/oscar/cpctelera/cpctelera/cpctelera.lib
                                          [ cpct_scanKeyboard.rel ]
/home/oscar/cpctelera/cpctelera/cpctelera.lib
                                          [ cpct_getScreenPtr_asmbindings.re ]

ASxxxx Linker V03.00 + NoICE + sdld,  page 5.

User Base Address Definitions

_CODE = 0x4000
_DATA = 0x0000

