ASxxxx Linker V03.00 + NoICE + sdld,  page 1.
Hexadecimal  [32-Bits]

Area                                    Addr        Size        Decimal Bytes (Attributes)
--------------------------------        ----        ----        ------- ----- ------------
.  .ABS.                            00000000    00000000 =           0. bytes (ABS,CON)

      Value  Global                              Global Defined In Module
      -----  --------------------------------   ------------------------
     00000000  .__.ABS.                           cpct_firmware
     00000000  l__CABS                         
     00000000  l__DABS                         
     00000000  l__DATA                         
     00000000  l__GSFINAL                      
     00000000  l__GSINIT                       
     00000000  l__HOME                         
     00000000  l__INITIALIZED                  
     00000000  l__INITIALIZER                  
     00000000  s__CABS                         
     00000000  s__DABS                         
     00000DE6  l__CODE                         
     00004000  s__CODE                         
     00004DE6  s__DATA                         
     00004DE6  s__GSFINAL                      
     00004DE6  s__GSINIT                       
     00004DE6  s__HOME                         
     00004DE6  s__INITIALIZED                  
     00004DE6  s__INITIALIZER                  

ASxxxx Linker V03.00 + NoICE + sdld,  page 2.
Hexadecimal  [32-Bits]

Area                                    Addr        Size        Decimal Bytes (Attributes)
--------------------------------        ----        ----        ------- ----- ------------
_CODE                               00004000    00000DE6 =        3558. bytes (REL,CON)

      Value  Global                              Global Defined In Module
      -----  --------------------------------   ------------------------
     00004000  _wait4UserKeypress                 main
     0000401E  _initialize                        main
     000040CE  _printRandomNumbers                main
     0000413C  _main                              main
     00004153  _cpct_scanKeyboard_f               cpct_keyboard
     00004153  cpct_scanKeyboard_f_asm            cpct_keyboard
     000041BD  _cpct_keyboardStatusBuffer         cpct_keyboard
     000041C7  _cpct_setSeed_mxor                 cpct_random
     000041C7  cpct_setSeed_mxor_asm              cpct_random
     000041CF  _cpct_restoreState_mxor_u8         cpct_random
     000041CF  cpct_restoreState_mxor_u8_asm      cpct_random
     000041D5  _cpct_getRandom_mxor_u8            cpct_random
     000041D5  cpct_getRandom_mxor_u8_asm         cpct_random
     000041D6  cpct_randomIdx_mxor_u8             cpct_random
     000041FA  _cpct_nextRandom_mxor_u32          cpct_random
     000041FA  cpct_nextRandom_mxor_u32_asm       cpct_random
     0000421D  _cpct_isAnyKeyPressed_f            cpct_keyboard
     0000421D  cpct_isAnyKeyPressed_f_asm         cpct_keyboard
     00004245  _vprintf                           vprintf
     00004265  _printf                            vprintf
     00004381  __print_format                     printf_large
     00004DC3  _cpct_mxor32_seed                  cpct_random
     00004DC7  _putchar                           cpct_strings
     00004DC7  _putchar_rr_s                      cpct_strings
     00004DD0  _putchar_rr_dbs                    cpct_strings
     00004DD5  ___sdcc_call_hl                    
     00004DD6  _strlen                            
     00004DE5  _cpct_mode_rom_status              cpct_firmware

ASxxxx Linker V03.00 + NoICE + sdld,  page 3.

Files Linked                              [ module(s) ]

obj/main.rel                              [ main ]


Libraries Linked                          [ object file ]

/home/oscar/cpctelera/cpctelera/cpctelera.lib
                                          [ cpct_scanKeyboard_f.rel ]
/home/oscar/cpctelera/cpctelera/cpctelera.lib
                                          [ keyboard.rel ]
/home/oscar/cpctelera/cpctelera/cpctelera.lib
                                          [ cpct_setSeed_mxor.rel ]
/home/oscar/cpctelera/cpctelera/cpctelera.lib
                                          [ cpct_restoreState_mxor_u8.rel ]
/home/oscar/cpctelera/cpctelera/cpctelera.lib
                                          [ cpct_getRandom_mxor_u8.rel ]
/home/oscar/cpctelera/cpctelera/cpctelera.lib
                                          [ cpct_nextRandom_mxor_u32.rel ]
/home/oscar/cpctelera/cpctelera/cpctelera.lib
                                          [ cpct_isAnyKeyPressed_f.rel ]
/home/oscar/cpctelera/cpctelera/tools/sdcc-3.6.8-r9946/bin/../share/sdcc/lib/z80/z80.lib
                                          [ vprintf.rel ]
/home/oscar/cpctelera/cpctelera/tools/sdcc-3.6.8-r9946/bin/../share/sdcc/lib/z80/z80.lib
                                          [ printf_large.rel ]
/home/oscar/cpctelera/cpctelera/cpctelera.lib
                                          [ cpct_mxor32_seed.rel ]
/home/oscar/cpctelera/cpctelera/cpctelera.lib
                                          [ cpct_putChar.rel ]
/home/oscar/cpctelera/cpctelera/tools/sdcc-3.6.8-r9946/bin/../share/sdcc/lib/z80/z80.lib
                                          [ __sdcc_call_hl.rel ]
/home/oscar/cpctelera/cpctelera/tools/sdcc-3.6.8-r9946/bin/../share/sdcc/lib/z80/z80.lib
                                          [ strlen.rel ]
/home/oscar/cpctelera/cpctelera/cpctelera.lib
                                          [ cpc_mode_rom_status.rel ]

ASxxxx Linker V03.00 + NoICE + sdld,  page 4.

User Base Address Definitions

_CODE = 0x4000
_DATA = 0x0000

