ASxxxx Linker V03.00 + NoICE + sdld,  page 1.
Hexadecimal  [32-Bits]

Area                                    Addr        Size        Decimal Bytes (Attributes)
--------------------------------        ----        ----        ------- ----- ------------
.  .ABS.                            00000000    00000000 =           0. bytes (ABS,CON)

      Value  Global                              Global Defined In Module
      -----  --------------------------------   ------------------------
     00000000  .__.ABS.                           
     00000000  l__CABS                         
     00000000  l__DABS                         
     00000000  l__DATA                         
     00000000  l__GSFINAL                      
     00000000  l__GSINIT                       
     00000000  l__HOME                         
     00000000  l__INITIALIZED                  
     00000000  l__INITIALIZER                  
     00000000  s__CABS                         
     00000000  s__DABS                         
     00000200  s__CODE                         
     00000FE0  l__CODE                         
     000011E0  s__DATA                         
     000011E0  s__GSFINAL                      
     000011E0  s__GSINIT                       
     000011E0  s__HOME                         
     000011E0  s__INITIALIZED                  
     000011E0  s__INITIALIZER                  

ASxxxx Linker V03.00 + NoICE + sdld,  page 2.
Hexadecimal  [32-Bits]

Area                                    Addr        Size        Decimal Bytes (Attributes)
--------------------------------        ----        ----        ------- ----- ------------
_CODE                               00000200    00000FE0 =        4064. bytes (REL,CON)

      Value  Global                              Global Defined In Module
      -----  --------------------------------   ------------------------
     00000200  _printMessages                     main
     000004FF  _main                              main
     0000056B  _cpct_isKeyPressed                 cpct_keyboard
     0000056B  cpct_isKeyPressed_asm              cpct_keyboard
     00000577  _cpct_setPALColour                 cpct_video
     00000583  _cpct_keyboardStatusBuffer         cpct_keyboard
     0000058D  _cpct_setVideoMemoryPage           cpct_video
     0000058D  cpct_setVideoMemoryPage_asm        cpct_video
     00000596  _cpct_memset_f64                   cpct_memutils
     000005E1  _cpct_setStackLocation             cpct_memutils
     000005E1  cpct_setStackLocation_asm          cpct_memutils
     000005E5  _cpct_waitVSYNC                    cpct_video
     000005E5  cpct_waitVSYNC_asm                 cpct_video
     000005FA  _vprintf                           vprintf
     0000061A  _printf                            vprintf
     00000637  _cpct_memcpy                       cpct_memutils
     0000063F  _cpct_disableFirmware              cpct_firmware
     0000063F  _cpct_removeInterruptHandler       cpct_firmware
     0000063F  cpct_disableFirmware_asm           cpct_firmware
     0000063F  cpct_removeInterruptHandler_asm    cpct_firmware
     0000064F  _cpct_mode_rom_status              cpct_firmware
     00000650  _cpct_scanKeyboard                 cpct_keyboard
     00000650  cpct_scanKeyboard_asm              cpct_keyboard
     00000780  __print_format                     printf_large
     000011C2  _putchar                           cpct_strings
     000011C2  _putchar_rr_s                      cpct_strings
     000011CB  _putchar_rr_dbs                    cpct_strings
     000011D0  ___sdcc_call_hl                    
     000011D1  _strlen                            

ASxxxx Linker V03.00 + NoICE + sdld,  page 3.

Files Linked                              [ module(s) ]

obj/main.rel                              [ main ]


Libraries Linked                          [ object file ]

/home/oscar/cpctelera/cpctelera/cpctelera.lib
                                          [ cpct_isKeyPressed.rel ]
/home/oscar/cpctelera/cpctelera/cpctelera.lib
                                          [ cpct_setPALColour_cbindings.rel ]
/home/oscar/cpctelera/cpctelera/cpctelera.lib
                                          [ keyboard.rel ]
/home/oscar/cpctelera/cpctelera/cpctelera.lib
                                          [ cpct_setVideoMemoryPage.rel ]
/home/oscar/cpctelera/cpctelera/cpctelera.lib
                                          [ cpct_memset_f64_cbinding.rel ]
/home/oscar/cpctelera/cpctelera/cpctelera.lib
                                          [ cpct_setStackLocation.rel ]
/home/oscar/cpctelera/cpctelera/cpctelera.lib
                                          [ cpct_waitVSYNC.rel ]
/home/oscar/cpctelera/cpctelera/tools/sdcc-3.6.8-r9946/bin/../share/sdcc/lib/z80/z80.lib
                                          [ vprintf.rel ]
/home/oscar/cpctelera/cpctelera/cpctelera.lib
                                          [ cpct_memcpy_cbindings.rel ]
/home/oscar/cpctelera/cpctelera/cpctelera.lib
                                          [ cpct_removeInterruptHandler.rel ]
/home/oscar/cpctelera/cpctelera/cpctelera.lib
                                          [ cpc_mode_rom_status.rel ]
/home/oscar/cpctelera/cpctelera/cpctelera.lib
                                          [ cpct_scanKeyboard.rel ]
/home/oscar/cpctelera/cpctelera/tools/sdcc-3.6.8-r9946/bin/../share/sdcc/lib/z80/z80.lib
                                          [ printf_large.rel ]
/home/oscar/cpctelera/cpctelera/cpctelera.lib
                                          [ cpct_putChar.rel ]
/home/oscar/cpctelera/cpctelera/tools/sdcc-3.6.8-r9946/bin/../share/sdcc/lib/z80/z80.lib
                                          [ __sdcc_call_hl.rel ]
/home/oscar/cpctelera/cpctelera/tools/sdcc-3.6.8-r9946/bin/../share/sdcc/lib/z80/z80.lib
                                          [ strlen.rel ]

ASxxxx Linker V03.00 + NoICE + sdld,  page 4.

User Base Address Definitions

_CODE = 0x0200
_DATA = 0x0000

